Archive member included to satisfy reference by file (symbol)

d:/application/intelfpga_lite/18.1/nios2eds/bin/gnu/h-x86_64-mingw32/bin/../lib/gcc/nios2-elf/5.3.0/mno-hw-mul\libgcc.a(lib2-divmod.o)
                              obj/default/counter_3Digit.o (__udivsi3)
../bsp\libhal_bsp.a(alt_irq_register.o)
                              obj/default/counter_3Digit.o (alt_irq_register)
../bsp\libhal_bsp.a(alt_irq_vars.o)
                              ../bsp\libhal_bsp.a(alt_irq_register.o) (alt_irq_active)
../bsp\libhal_bsp.a(alt_load.o)
                              ../bsp/obj/HAL/src/crt0.o (alt_load)
../bsp\libhal_bsp.a(alt_main.o)
                              ../bsp/obj/HAL/src/crt0.o (alt_main)
../bsp\libhal_bsp.a(alt_printf.o)
                              obj/default/counter_3Digit.o (alt_printf)
../bsp\libhal_bsp.a(alt_putchar.o)
                              ../bsp\libhal_bsp.a(alt_printf.o) (alt_putchar)
../bsp\libhal_bsp.a(alt_sys_init.o)
                              ../bsp\libhal_bsp.a(alt_main.o) (alt_irq_init)
../bsp\libhal_bsp.a(altera_avalon_jtag_uart_fd.o)
                              ../bsp\libhal_bsp.a(alt_sys_init.o) (altera_avalon_jtag_uart_read_fd)
../bsp\libhal_bsp.a(altera_avalon_jtag_uart_init.o)
                              ../bsp\libhal_bsp.a(alt_sys_init.o) (altera_avalon_jtag_uart_init)
../bsp\libhal_bsp.a(altera_avalon_jtag_uart_ioctl.o)
                              ../bsp\libhal_bsp.a(altera_avalon_jtag_uart_fd.o) (altera_avalon_jtag_uart_ioctl)
../bsp\libhal_bsp.a(altera_avalon_jtag_uart_read.o)
                              ../bsp\libhal_bsp.a(altera_avalon_jtag_uart_fd.o) (altera_avalon_jtag_uart_read)
../bsp\libhal_bsp.a(altera_avalon_jtag_uart_write.o)
                              ../bsp\libhal_bsp.a(altera_avalon_jtag_uart_fd.o) (altera_avalon_jtag_uart_write)
../bsp\libhal_bsp.a(altera_avalon_timer_sc.o)
                              ../bsp\libhal_bsp.a(alt_sys_init.o) (alt_avalon_timer_sc_init)
../bsp\libhal_bsp.a(alt_alarm_start.o)
                              ../bsp\libhal_bsp.a(altera_avalon_jtag_uart_init.o) (alt_alarm_start)
../bsp\libhal_bsp.a(alt_close.o)
                              ../bsp\libhal_bsp.a(alt_main.o) (close)
../bsp\libhal_bsp.a(alt_dcache_flush_all.o)
                              ../bsp\libhal_bsp.a(alt_load.o) (alt_dcache_flush_all)
../bsp\libhal_bsp.a(alt_dev.o)
                              ../bsp\libhal_bsp.a(alt_sys_init.o) (alt_dev_list)
../bsp\libhal_bsp.a(alt_dev_llist_insert.o)
                              ../bsp\libhal_bsp.a(alt_sys_init.o) (alt_dev_llist_insert)
../bsp\libhal_bsp.a(alt_do_ctors.o)
                              ../bsp\libhal_bsp.a(alt_main.o) (_do_ctors)
../bsp\libhal_bsp.a(alt_do_dtors.o)
                              ../bsp\libhal_bsp.a(alt_main.o) (_do_dtors)
../bsp\libhal_bsp.a(alt_errno.o)
                              ../bsp\libhal_bsp.a(alt_close.o) (alt_errno)
../bsp\libhal_bsp.a(alt_icache_flush_all.o)
                              ../bsp\libhal_bsp.a(alt_load.o) (alt_icache_flush_all)
../bsp\libhal_bsp.a(alt_iic.o)
                              ../bsp\libhal_bsp.a(altera_avalon_jtag_uart_init.o) (alt_ic_isr_register)
../bsp\libhal_bsp.a(alt_iic_isr_register.o)
                              ../bsp\libhal_bsp.a(alt_iic.o) (alt_iic_isr_register)
../bsp\libhal_bsp.a(alt_io_redirect.o)
                              ../bsp\libhal_bsp.a(alt_main.o) (alt_io_redirect)
../bsp\libhal_bsp.a(alt_irq_entry.o)
                              ../bsp\libhal_bsp.a(alt_irq_register.o) (alt_irq_entry)
../bsp\libhal_bsp.a(alt_irq_handler.o)
                              ../bsp\libhal_bsp.a(alt_irq_register.o) (alt_irq)
../bsp\libhal_bsp.a(alt_open.o)
                              ../bsp\libhal_bsp.a(alt_io_redirect.o) (open)
../bsp\libhal_bsp.a(alt_release_fd.o)
                              ../bsp\libhal_bsp.a(alt_close.o) (alt_release_fd)
../bsp\libhal_bsp.a(alt_tick.o)
                              ../bsp\libhal_bsp.a(altera_avalon_jtag_uart_init.o) (_alt_tick_rate)
../bsp\libhal_bsp.a(altera_nios2_gen2_irq.o)
                              ../bsp\libhal_bsp.a(alt_sys_init.o) (altera_nios2_gen2_irq_init)
../bsp\libhal_bsp.a(alt_exception_entry.o)
                              ../bsp\libhal_bsp.a(alt_irq_entry.o) (alt_exception)
../bsp\libhal_bsp.a(alt_find_dev.o)
                              ../bsp\libhal_bsp.a(alt_open.o) (alt_find_dev)
../bsp\libhal_bsp.a(alt_find_file.o)
                              ../bsp\libhal_bsp.a(alt_open.o) (alt_find_file)
../bsp\libhal_bsp.a(alt_get_fd.o)
                              ../bsp\libhal_bsp.a(alt_open.o) (alt_get_fd)
../bsp\libhal_bsp.a(alt_instruction_exception_entry.o)
                              ../bsp\libhal_bsp.a(alt_exception_entry.o) (alt_instruction_exception_entry)
d:/application/intelfpga_lite/18.1/nios2eds/bin/gnu/h-x86_64-mingw32/bin/../lib/gcc/nios2-elf/5.3.0/../../../../../H-x86_64-mingw32/nios2-elf/lib/mno-hw-mul\libc.a(lib_a-atexit.o)
[...]
Memory Configuration

Name             Origin             Length             Attributes
reset            0x0000000000010000 0x0000000000000020
RAM              0x0000000000010020 0x0000000000009c20
*default*        0x0000000000000000 0xffffffffffffffff

Linker script and memory map

LOAD ../bsp/obj/HAL/src/crt0.o
LOAD obj/default/counter_3Digit.o
LOAD d:/application/intelfpga_lite/18.1/nios2eds/bin/gnu/h-x86_64-mingw32/bin/../lib/gcc/nios2-elf/5.3.0/../../../../../H-x86_64-mingw32/nios2-elf/lib/mno-hw-mul\libstdc++.a
LOAD d:/application/intelfpga_lite/18.1/nios2eds/bin/gnu/h-x86_64-mingw32/bin/../lib/gcc/nios2-elf/5.3.0/../../../../../H-x86_64-mingw32/nios2-elf/lib/mno-hw-mul\libm.a
LOAD d:/application/intelfpga_lite/18.1/nios2eds/bin/gnu/h-x86_64-mingw32/bin/../lib/gcc/nios2-elf/5.3.0/mno-hw-mul\libgcc.a
START GROUP
LOAD d:/application/intelfpga_lite/18.1/nios2eds/bin/gnu/h-x86_64-mingw32/bin/../lib/gcc/nios2-elf/5.3.0/../../../../../H-x86_64-mingw32/nios2-elf/lib/mno-hw-mul\libc.a
LOAD d:/application/intelfpga_lite/18.1/nios2eds/bin/gnu/h-x86_64-mingw32/bin/../lib/gcc/nios2-elf/5.3.0/mno-hw-mul\libgcc.a
LOAD ../bsp\libhal_bsp.a
LOAD d:/application/intelfpga_lite/18.1/nios2eds/bin/gnu/h-x86_64-mingw32/bin/../lib/gcc/nios2-elf/5.3.0/../../../../../H-x86_64-mingw32/nios2-elf/lib/mno-hw-mul\libm.a
END GROUP
LOAD d:/application/intelfpga_lite/18.1/nios2eds/bin/gnu/h-x86_64-mingw32/bin/../lib/gcc/nios2-elf/5.3.0/mno-hw-mul\libgcc.a
                0x0000000000010000                __alt_mem_RAM = 0x10000

.entry          0x0000000000010000       0x20
 *(.entry)
 .entry         0x0000000000010000       0x20 ../bsp/obj/HAL/src/crt0.o
                0x0000000000010000                __reset

.exceptions     0x0000000000010020      0x210
                0x0000000000010020                PROVIDE (__ram_exceptions_start, ABSOLUTE (.))
                0x0000000000010020                . = ALIGN (0x20)
 *(.irq)
 *(.exceptions.entry.label)
 .exceptions.entry.label
                0x0000000000010020        0x0 ../bsp\libhal_bsp.a(alt_irq_entry.o)
                0x0000000000010020                alt_irq_entry
 .exceptions.entry.label
                0x0000000000010020        0x0 ../bsp\libhal_bsp.a(alt_exception_entry.o)
                0x0000000000010020                alt_exception
 *(.exceptions.entry.user)
 *(.exceptions.entry.ecc_fatal)
 *(.exceptions.entry)
 .exceptions.entry
                0x0000000000010020       0x54 ../bsp\libhal_bsp.a(alt_exception_entry.o)
 *(.exceptions.irqtest.user)
 *(.exceptions.irqtest)
 .exceptions.irqtest
                0x0000000000010074       0x10 ../bsp\libhal_bsp.a(alt_irq_entry.o)
 *(.exceptions.irqhandler.user)
 *(.exceptions.irqhandler)
 .exceptions.irqhandler
                0x0000000000010084        0x4 ../bsp\libhal_bsp.a(alt_irq_entry.o)
 *(.exceptions.irqreturn.user)
 *(.exceptions.irqreturn)
 .exceptions.irqreturn
                0x0000000000010088        0x4 ../bsp\libhal_bsp.a(alt_irq_entry.o)
 *(.exceptions.notirq.label)
 .exceptions.notirq.label
                0x000000000001008c        0x0 ../bsp\libhal_bsp.a(alt_irq_entry.o)
 *(.exceptions.notirq.user)
 *(.exceptions.notirq)
 .exceptions.notirq
                0x000000000001008c        0x8 ../bsp\libhal_bsp.a(alt_exception_entry.o)
 *(.exceptions.soft.user)
 *(.exceptions.soft)
 *(.exceptions.unknown.user)
 *(.exceptions.unknown)
 .exceptions.unknown
                0x0000000000010094       0x14 ../bsp\libhal_bsp.a(alt_exception_entry.o)
 *(.exceptions.exit.label)
 .exceptions.exit.label
                0x00000000000100a8        0x0 ../bsp\libhal_bsp.a(alt_irq_entry.o)
 .exceptions.exit.label
                0x00000000000100a8        0x0 ../bsp\libhal_bsp.a(alt_exception_entry.o)
 *(.exceptions.exit.user)
 *(.exceptions.exit)
 .exceptions.exit
                0x00000000000100a8       0x54 ../bsp\libhal_bsp.a(alt_exception_entry.o)
 *(.exceptions)
 .exceptions    0x00000000000100fc       0xd4 ../bsp\libhal_bsp.a(alt_irq_handler.o)
                0x00000000000100fc                alt_irq_handler
 .exceptions    0x00000000000101d0       0x60 ../bsp\libhal_bsp.a(alt_instruction_exception_entry.o)
                0x00000000000101d0                alt_instruction_exception_entry
                0x0000000000010230                PROVIDE (__ram_exceptions_end, ABSOLUTE (.))
                0x0000000000010020                PROVIDE (__flash_exceptions_start, LOADADDR (.exceptions))

.text           0x0000000000010230     0x5110
                [!provide]                        PROVIDE (stext, ABSOLUTE (.))
 *(.interp)
 *(.hash)
 *(.dynsym)
 *(.dynstr)
 *(.gnu.version)
 *(.gnu.version_d)
 *(.gnu.version_r)
 *(.rel.init)
 *(.rela.init)
 *(.rel.text .rel.text.* .rel.gnu.linkonce.t.*)
 *(.rela.text .rela.text.* .rela.gnu.linkonce.t.*)
 *(.rel.fini)
 *(.rela.fini)
 *(.rel.rodata .rel.rodata.* .rel.gnu.linkonce.r.*)
 *(.rela.rodata .rela.rodata.* .rela.gnu.linkonce.r.*)
 *(.rel.data .rel.data.* .rel.gnu.linkonce.d.*)
 *(.rela.data .rela.data.* .rela.gnu.linkonce.d.*)
 *(.rel.tdata .rel.tdata.* .rel.gnu.linkonce.td.*)
 *(.rela.tdata .rela.tdata.* .rela.gnu.linkonce.td.*)
 *(.rel.tbss .rel.tbss.* .rel.gnu.linkonce.tb.*)
 *(.rela.tbss .rela.tbss.* .rela.gnu.linkonce.tb.*)
 *(.rel.ctors)
 *(.rela.ctors)
 *(.rel.dtors)
 *(.rela.dtors)
 *(.rel.got)
 *(.rela.got)
 *(.rel.sdata .rel.sdata.* .rel.gnu.linkonce.s.*)
 *(.rela.sdata .rela.sdata.* .rela.gnu.linkonce.s.*)
 *(.rel.sbss .rel.sbss.* .rel.gnu.linkonce.sb.*)
 *(.rela.sbss .rela.sbss.* .rela.gnu.linkonce.sb.*)
 *(.rel.sdata2 .rel.sdata2.* .rel.gnu.linkonce.s2.*)
 *(.rela.sdata2 .rela.sdata2.* .rela.gnu.linkonce.s2.*)
 *(.rel.sbss2 .rel.sbss2.* .rel.gnu.linkonce.sb2.*)
 *(.rela.sbss2 .rela.sbss2.* .rela.gnu.linkonce.sb2.*)
 *(.rel.bss .rel.bss.* .rel.gnu.linkonce.b.*)
 *(.rela.bss .rela.bss.* .rela.gnu.linkonce.b.*)
 *(.rel.plt)
 *(.rela.plt)
 *(.rel.dyn)
 *(.init)
 *(.plt)
 *(.text .stub .text.* .gnu.linkonce.t.*)
 .text          0x0000000000010230       0x3c ../bsp/obj/HAL/src/crt0.o
                0x0000000000010230                _start
 .text          0x000000000001026c      0x1c0 obj/default/counter_3Digit.o
                0x0000000000010370                main
 .text          0x000000000001042c      0x1b4 d:/application/intelfpga_lite/18.1/nios2eds/bin/gnu/h-x86_64-mingw32/bin/../lib/gcc/nios2-elf/5.3.0/mno-hw-mul\libgcc.a(lib2-divmod.o)
                0x000000000001042c                __divsi3
                0x00000000000104b0                __modsi3
                0x0000000000010524                __udivsi3
                0x0000000000010588                __umodsi3
 .text          0x00000000000105e0      0x180 ../bsp\libhal_bsp.a(alt_irq_register.o)
                0x00000000000105e0                alt_irq_register
 .text          0x0000000000010760        0x0 ../bsp\libhal_bsp.a(alt_irq_vars.o)
 .text          0x0000000000010760       0xec ../bsp\libhal_bsp.a(alt_load.o)
                0x00000000000107c8                alt_load
 .text          0x000000000001084c       0x7c ../bsp\libhal_bsp.a(alt_main.o)
                0x000000000001084c                alt_main
 .text          0x00000000000108c8      0x22c ../bsp\libhal_bsp.a(alt_printf.o)
                0x00000000000108c8                alt_printf
 .text          0x0000000000010af4       0x3c ../bsp\libhal_bsp.a(alt_putchar.o)
                0x0000000000010af4                alt_putchar
 .text          0x0000000000010b30       0xcc ../bsp\libhal_bsp.a(alt_sys_init.o)
                0x0000000000010b64                alt_irq_init
                0x0000000000010b9c                alt_sys_init
 .text          0x0000000000010bfc      0x164 ../bsp\libhal_bsp.a(altera_avalon_jtag_uart_fd.o)
                0x0000000000010bfc                altera_avalon_jtag_uart_read_fd
                0x0000000000010c5c                altera_avalon_jtag_uart_write_fd
                0x0000000000010cbc                altera_avalon_jtag_uart_close_fd
                0x0000000000010d0c                altera_avalon_jtag_uart_ioctl_fd
 .text          0x0000000000010d60      0x3d4 ../bsp\libhal_bsp.a(altera_avalon_jtag_uart_init.o)
                0x0000000000010d60                altera_avalon_jtag_uart_init
                0x00000000000110cc                altera_avalon_jtag_uart_close
 .text          0x0000000000011134       0xf0 ../bsp\libhal_bsp.a(altera_avalon_jtag_uart_ioctl.o)
                0x0000000000011134                altera_avalon_jtag_uart_ioctl
 .text          0x0000000000011224      0x21c ../bsp\libhal_bsp.a(altera_avalon_jtag_uart_read.o)
                0x0000000000011224                altera_avalon_jtag_uart_read
 .text          0x0000000000011440      0x224 ../bsp\libhal_bsp.a(altera_avalon_jtag_uart_write.o)
                0x0000000000011440                altera_avalon_jtag_uart_write
 .text          0x0000000000011664       0xf4 ../bsp\libhal_bsp.a(altera_avalon_timer_sc.o)
                0x00000000000116dc                alt_avalon_timer_sc_init
 .text          0x0000000000011758      0x12c ../bsp\libhal_bsp.a(alt_alarm_start.o)
                0x0000000000011758                alt_alarm_start
 .text          0x0000000000011884      0x114 ../bsp\libhal_bsp.a(alt_close.o)
                0x00000000000118c0                close
 .text          0x0000000000011998       0x20 ../bsp\libhal_bsp.a(alt_dcache_flush_all.o)
                0x0000000000011998                alt_dcache_flush_all
 .text          0x00000000000119b8       0x2c ../bsp\libhal_bsp.a(alt_dev.o)
 .text          0x00000000000119e4       0xe0 ../bsp\libhal_bsp.a(alt_dev_llist_insert.o)
                0x0000000000011a20                alt_dev_llist_insert
 .text          0x0000000000011ac4       0x60 ../bsp\libhal_bsp.a(alt_do_ctors.o)
                0x0000000000011ac4                _do_ctors
 .text          0x0000000000011b24       0x60 ../bsp\libhal_bsp.a(alt_do_dtors.o)
                0x0000000000011b24                _do_dtors
 .text          0x0000000000011b84        0x0 ../bsp\libhal_bsp.a(alt_errno.o)
 .text          0x0000000000011b84       0x20 ../bsp\libhal_bsp.a(alt_icache_flush_all.o)
                0x0000000000011b84                alt_icache_flush_all
 .text          0x0000000000011ba4      0x1b0 ../bsp\libhal_bsp.a(alt_iic.o)
                0x0000000000011ba4                alt_ic_isr_register
                0x0000000000011bf4                alt_ic_irq_enable
                0x0000000000011c7c                alt_ic_irq_disable
                0x0000000000011d08                alt_ic_irq_enabled
 .text          0x0000000000011d54       0xf0 ../bsp\libhal_bsp.a(alt_iic_isr_register.o)
                0x0000000000011d54                alt_iic_isr_register
 .text          0x0000000000011e44      0x160 ../bsp\libhal_bsp.a(alt_io_redirect.o)
                0x0000000000011f28                alt_io_redirect
 .text          0x0000000000011fa4        0x0 ../bsp\libhal_bsp.a(alt_irq_entry.o)
 .text          0x0000000000011fa4        0x0 ../bsp\libhal_bsp.a(alt_irq_handler.o)
 .text          0x0000000000011fa4      0x284 ../bsp\libhal_bsp.a(alt_open.o)
                0x00000000000120cc                open
 .text          0x0000000000012228       0x84 ../bsp\libhal_bsp.a(alt_release_fd.o)
                0x0000000000012228                alt_release_fd
 .text          0x00000000000122ac      0x1a4 ../bsp\libhal_bsp.a(alt_tick.o)
                0x00000000000122ac                alt_alarm_stop
                0x0000000000012348                alt_tick
 .text          0x0000000000012450       0x24 ../bsp\libhal_bsp.a(altera_nios2_gen2_irq.o)
                0x0000000000012450                altera_nios2_gen2_irq_init
 .text          0x0000000000012474        0x0 ../bsp\libhal_bsp.a(alt_exception_entry.o)
 .text          0x0000000000012474       0x90 ../bsp\libhal_bsp.a(alt_find_dev.o)
                0x0000000000012474                alt_find_dev
 .text          0x0000000000012504      0x108 ../bsp\libhal_bsp.a(alt_find_file.o)
                0x0000000000012504                alt_find_file
 .text          0x000000000001260c       0xc4 ../bsp\libhal_bsp.a(alt_get_fd.o)
                0x000000000001260c                alt_get_fd
 .text          0x00000000000126d0       0x9c ../bsp\libhal_bsp.a(alt_instruction_exception_entry.o)
                0x00000000000126d0                alt_exception_cause_generated_bad_addr
 .text          0x000000000001276c        0x0 d:/application/intelfpga_lite/18.1/nios2eds/bin/gnu/h-x86_64-mingw32/bin/../lib/gcc/nios2-elf/5.3.0/../../../../../H-x86_64-mingw32/nios2-elf/lib/mno-hw-mul\libc.a(lib_a-atexit.o)
 .text.atexit   0x000000000001276c       0x14 d:/application/intelfpga_lite/18.1/nios2eds/bin/gnu/h-x86_64-mingw32/bin/../lib/gcc/nios2-elf/5.3.0/../../../../../H-x86_64-mingw32/nios2-elf/lib/mno-hw-mul\libc.a(lib_a-atexit.o)
                0x000000000001276c                atexit
 .text          0x0000000000012780        0x0 d:/application/intelfpga_lite/18.1/nios2eds/bin/gnu/h-x86_64-mingw32/bin/../lib/gcc/nios2-elf/5.3.0/../../../../../H-x86_64-mingw32/nios2-elf/lib/mno-hw-mul\libc.a(lib_a-exit.o)
 .text.exit     0x0000000000012780       0x38 d:/application/intelfpga_lite/18.1/nios2eds/bin/gnu/h-x86_64-mingw32/bin/../lib/gcc/nios2-elf/5.3.0/../../../../../H-x86_64-mingw32/nios2-elf/lib/mno-hw-mul\libc.a(lib_a-exit.o)
                0x0000000000012780                exit
 .text          0x00000000000127b8        0x0 d:/application/intelfpga_lite/18.1/nios2eds/bin/gnu/h-x86_64-mingw32/bin/../lib/gcc/nios2-elf/5.3.0/../../../../../H-x86_64-mingw32/nios2-elf/lib/mno-hw-mul\libc.a(lib_a-impure.o)
 .text          0x00000000000127b8        0x0 d:/application/intelfpga_lite/18.1/nios2eds/bin/gnu/h-x86_64-mingw32/bin/../lib/gcc/nios2-elf/5.3.0/../../../../../H-x86_64-mingw32/nios2-elf/lib/mno-hw-mul\libc.a(lib_a-int_errno.o)
 .text          0x00000000000127b8        0x0 d:/application/intelfpga_lite/18.1/nios2eds/bin/gnu/h-x86_64-mingw32/bin/../lib/gcc/nios2-elf/5.3.0/../../../../../H-x86_64-mingw32/nios2-elf/lib/mno-hw-mul\libc.a(lib_a-memcmp.o)
 .text.memcmp   0x00000000000127b8       0x7c d:/application/intelfpga_lite/18.1/nios2eds/bin/gnu/h-x86_64-mingw32/bin/../lib/gcc/nios2-elf/5.3.0/../../../../../H-x86_64-mingw32/nios2-elf/lib/mno-hw-mul\libc.a(lib_a-memcmp.o)
                0x00000000000127b8                memcmp
 .text          0x0000000000012834        0x0 d:/application/intelfpga_lite/18.1/nios2eds/bin/gnu/h-x86_64-mingw32/bin/../lib/gcc/nios2-elf/5.3.0/../../../../../H-x86_64-mingw32/nios2-elf/lib/mno-hw-mul\libc.a(lib_a-memcpy.o)
 .text.memcpy   0x0000000000012834      0x148 d:/application/intelfpga_lite/18.1/nios2eds/bin/gnu/h-x86_64-mingw32/bin/../lib/gcc/nios2-elf/5.3.0/../../../../../H-x86_64-mingw32/nios2-elf/lib/mno-hw-mul\libc.a(lib_a-memcpy.o)
                0x0000000000012834                memcpy
 .text          0x000000000001297c        0x0 d:/application/intelfpga_lite/18.1/nios2eds/bin/gnu/h-x86_64-mingw32/bin/../lib/gcc/nios2-elf/5.3.0/../../../../../H-x86_64-mingw32/nios2-elf/lib/mno-hw-mul\libc.a(lib_a-putc.o)
 .text._putc_r  0x000000000001297c       0xa0 d:/application/intelfpga_lite/18.1/nios2eds/bin/gnu/h-x86_64-mingw32/bin/../lib/gcc/nios2-elf/5.3.0/../../../../../H-x86_64-mingw32/nios2-elf/lib/mno-hw-mul\libc.a(lib_a-putc.o)
                0x000000000001297c                _putc_r
 .text.putc     0x0000000000012a1c       0xc8 d:/application/intelfpga_lite/18.1/nios2eds/bin/gnu/h-x86_64-mingw32/bin/../lib/gcc/nios2-elf/5.3.0/../../../../../H-x86_64-mingw32/nios2-elf/lib/mno-hw-mul\libc.a(lib_a-putc.o)
                0x0000000000012a1c                putc
 .text          0x0000000000012ae4        0x0 d:/application/intelfpga_lite/18.1/nios2eds/bin/gnu/h-x86_64-mingw32/bin/../lib/gcc/nios2-elf/5.3.0/../../../../../H-x86_64-mingw32/nios2-elf/lib/mno-hw-mul\libc.a(lib_a-strlen.o)
 .text.strlen   0x0000000000012ae4       0x98 d:/application/intelfpga_lite/18.1/nios2eds/bin/gnu/h-x86_64-mingw32/bin/../lib/gcc/nios2-elf/5.3.0/../../../../../H-x86_64-mingw32/nios2-elf/lib/mno-hw-mul\libc.a(lib_a-strlen.o)
                0x0000000000012ae4                strlen
 .text          0x0000000000012b7c        0x0 d:/application/intelfpga_lite/18.1/nios2eds/bin/gnu/h-x86_64-mingw32/bin/../lib/gcc/nios2-elf/5.3.0/../../../../../H-x86_64-mingw32/nios2-elf/lib/mno-hw-mul\libc.a(lib_a-wbuf.o)
 .text.__swbuf_r
                0x0000000000012b7c      0x140 d:/application/intelfpga_lite/18.1/nios2eds/bin/gnu/h-x86_64-mingw32/bin/../lib/gcc/nios2-elf/5.3.0/../../../../../H-x86_64-mingw32/nios2-elf/lib/mno-hw-mul\libc.a(lib_a-wbuf.o)
                0x0000000000012b7c                __swbuf_r
 .text.__swbuf  0x0000000000012cbc       0x18 d:/application/intelfpga_lite/18.1/nios2eds/bin/gnu/h-x86_64-mingw32/bin/../lib/gcc/nios2-elf/5.3.0/../../../../../H-x86_64-mingw32/nios2-elf/lib/mno-hw-mul\libc.a(lib_a-wbuf.o)
                0x0000000000012cbc                __swbuf
 .text          0x0000000000012cd4        0x0 d:/application/intelfpga_lite/18.1/nios2eds/bin/gnu/h-x86_64-mingw32/bin/../lib/gcc/nios2-elf/5.3.0/../../../../../H-x86_64-mingw32/nios2-elf/lib/mno-hw-mul\libc.a(lib_a-wsetup.o)
 .text.__swsetup_r
                0x0000000000012cd4      0x154 d:/application/intelfpga_lite/18.1/nios2eds/bin/gnu/h-x86_64-mingw32/bin/../lib/gcc/nios2-elf/5.3.0/../../../../../H-x86_64-mingw32/nios2-elf/lib/mno-hw-mul\libc.a(lib_a-wsetup.o)
                0x0000000000012cd4                __swsetup_r
 .text          0x0000000000012e28        0x0 d:/application/intelfpga_lite/18.1/nios2eds/bin/gnu/h-x86_64-mingw32/bin/../lib/gcc/nios2-elf/5.3.0/../../../../../H-x86_64-mingw32/nios2-elf/lib/mno-hw-mul\libc.a(lib_a-__atexit.o)
 .text.__register_exitproc
                0x0000000000012e28      0x118 d:/application/intelfpga_lite/18.1/nios2eds/bin/gnu/h-x86_64-mingw32/bin/../lib/gcc/nios2-elf/5.3.0/../../../../../H-x86_64-mingw32/nios2-elf/lib/mno-hw-mul\libc.a(lib_a-__atexit.o)
                0x0000000000012e28                __register_exitproc
 .text          0x0000000000012f40        0x0 d:/application/intelfpga_lite/18.1/nios2eds/bin/gnu/h-x86_64-mingw32/bin/../lib/gcc/nios2-elf/5.3.0/../../../../../H-x86_64-mingw32/nios2-elf/lib/mno-hw-mul\libc.a(lib_a-__call_atexit.o)
 .text.__call_exitprocs
                0x0000000000012f40      0x180 d:/application/intelfpga_lite/18.1/nios2eds/bin/gnu/h-x86_64-mingw32/bin/../lib/gcc/nios2-elf/5.3.0/../../../../../H-x86_64-mingw32/nios2-elf/lib/mno-hw-mul\libc.a(lib_a-__call_atexit.o)
                0x0000000000012f40                __call_exitprocs
 .text          0x00000000000130c0        0x0 d:/application/intelfpga_lite/18.1/nios2eds/bin/gnu/h-x86_64-mingw32/bin/../lib/gcc/nios2-elf/5.3.0/../../../../../H-x86_64-mingw32/nios2-elf/lib/mno-hw-mul\libc.a(lib_a-fflush.o)
 .text.__sflush_r
                0x00000000000130c0      0x21c d:/application/intelfpga_lite/18.1/nios2eds/bin/gnu/h-x86_64-mingw32/bin/../lib/gcc/nios2-elf/5.3.0/../../../../../H-x86_64-mingw32/nios2-elf/lib/mno-hw-mul\libc.a(lib_a-fflush.o)
                0x00000000000130c0                __sflush_r
 .text._fflush_r
                0x00000000000132dc       0x5c d:/application/intelfpga_lite/18.1/nios2eds/bin/gnu/h-x86_64-mingw32/bin/../lib/gcc/nios2-elf/5.3.0/../../../../../H-x86_64-mingw32/nios2-elf/lib/mno-hw-mul\libc.a(lib_a-fflush.o)
                0x00000000000132dc                _fflush_r
 .text.fflush   0x0000000000013338       0x30 d:/application/intelfpga_lite/18.1/nios2eds/bin/gnu/h-x86_64-mingw32/bin/../lib/gcc/nios2-elf/5.3.0/../../../../../H-x86_64-mingw32/nios2-elf/lib/mno-hw-mul\libc.a(lib_a-fflush.o)
                0x0000000000013338                fflush
 .text          0x0000000000013368        0x0 d:/application/intelfpga_lite/18.1/nios2eds/bin/gnu/h-x86_64-mingw32/bin/../lib/gcc/nios2-elf/5.3.0/../../../../../H-x86_64-mingw32/nios2-elf/lib/mno-hw-mul\libc.a(lib_a-findfp.o)
 .text.__fp_unlock
                0x0000000000013368        0x8 d:/application/intelfpga_lite/18.1/nios2eds/bin/gnu/h-x86_64-mingw32/bin/../lib/gcc/nios2-elf/5.3.0/../../../../../H-x86_64-mingw32/nios2-elf/lib/mno-hw-mul\libc.a(lib_a-findfp.o)
 .text._cleanup_r
                0x0000000000013370        0xc d:/application/intelfpga_lite/18.1/nios2eds/bin/gnu/h-x86_64-mingw32/bin/../lib/gcc/nios2-elf/5.3.0/../../../../../H-x86_64-mingw32/nios2-elf/lib/mno-hw-mul\libc.a(lib_a-findfp.o)
                0x0000000000013370                _cleanup_r
 .text.__sinit.part.1
                0x000000000001337c      0x19c d:/application/intelfpga_lite/18.1/nios2eds/bin/gnu/h-x86_64-mingw32/bin/../lib/gcc/nios2-elf/5.3.0/../../../../../H-x86_64-mingw32/nios2-elf/lib/mno-hw-mul\libc.a(lib_a-findfp.o)
 .text.__fp_lock
                0x0000000000013518        0x8 d:/application/intelfpga_lite/18.1/nios2eds/bin/gnu/h-x86_64-mingw32/bin/../lib/gcc/nios2-elf/5.3.0/../../../../../H-x86_64-mingw32/nios2-elf/lib/mno-hw-mul\libc.a(lib_a-findfp.o)
 .text.__sfmoreglue
                0x0000000000013520       0x78 d:/application/intelfpga_lite/18.1/nios2eds/bin/gnu/h-x86_64-mingw32/bin/../lib/gcc/nios2-elf/5.3.0/../../../../../H-x86_64-mingw32/nios2-elf/lib/mno-hw-mul\libc.a(lib_a-findfp.o)
                0x0000000000013520                __sfmoreglue
 .text.__sfp    0x0000000000013598      0x118 d:/application/intelfpga_lite/18.1/nios2eds/bin/gnu/h-x86_64-mingw32/bin/../lib/gcc/nios2-elf/5.3.0/../../../../../H-x86_64-mingw32/nios2-elf/lib/mno-hw-mul\libc.a(lib_a-findfp.o)
                0x0000000000013598                __sfp
 .text._cleanup
                0x00000000000136b0       0x18 d:/application/intelfpga_lite/18.1/nios2eds/bin/gnu/h-x86_64-mingw32/bin/../lib/gcc/nios2-elf/5.3.0/../../../../../H-x86_64-mingw32/nios2-elf/lib/mno-hw-mul\libc.a(lib_a-findfp.o)
                0x00000000000136b0                _cleanup
 .text.__sinit  0x00000000000136c8       0x10 d:/application/intelfpga_lite/18.1/nios2eds/bin/gnu/h-x86_64-mingw32/bin/../lib/gcc/nios2-elf/5.3.0/../../../../../H-x86_64-mingw32/nios2-elf/lib/mno-hw-mul\libc.a(lib_a-findfp.o)
                0x00000000000136c8                __sinit
 .text.__sfp_lock_acquire
                0x00000000000136d8        0x4 d:/application/intelfpga_lite/18.1/nios2eds/bin/gnu/h-x86_64-mingw32/bin/../lib/gcc/nios2-elf/5.3.0/../../../../../H-x86_64-mingw32/nios2-elf/lib/mno-hw-mul\libc.a(lib_a-findfp.o)
                0x00000000000136d8                __sfp_lock_acquire
 .text.__sfp_lock_release
                0x00000000000136dc        0x4 d:/application/intelfpga_lite/18.1/nios2eds/bin/gnu/h-x86_64-mingw32/bin/../lib/gcc/nios2-elf/5.3.0/../../../../../H-x86_64-mingw32/nios2-elf/lib/mno-hw-mul\libc.a(lib_a-findfp.o)
                0x00000000000136dc                __sfp_lock_release
 .text.__sinit_lock_acquire
                0x00000000000136e0        0x4 d:/application/intelfpga_lite/18.1/nios2eds/bin/gnu/h-x86_64-mingw32/bin/../lib/gcc/nios2-elf/5.3.0/../../../../../H-x86_64-mingw32/nios2-elf/lib/mno-hw-mul\libc.a(lib_a-findfp.o)
                0x00000000000136e0                __sinit_lock_acquire
 .text.__sinit_lock_release
                0x00000000000136e4        0x4 d:/application/intelfpga_lite/18.1/nios2eds/bin/gnu/h-x86_64-mingw32/bin/../lib/gcc/nios2-elf/5.3.0/../../../../../H-x86_64-mingw32/nios2-elf/lib/mno-hw-mul\libc.a(lib_a-findfp.o)
                0x00000000000136e4                __sinit_lock_release
 .text.__fp_lock_all
                0x00000000000136e8       0x18 d:/application/intelfpga_lite/18.1/nios2eds/bin/gnu/h-x86_64-mingw32/bin/../lib/gcc/nios2-elf/5.3.0/../../../../../H-x86_64-mingw32/nios2-elf/lib/mno-hw-mul\libc.a(lib_a-findfp.o)
                0x00000000000136e8                __fp_lock_all
 .text.__fp_unlock_all
                0x0000000000013700       0x18 d:/application/intelfpga_lite/18.1/nios2eds/bin/gnu/h-x86_64-mingw32/bin/../lib/gcc/nios2-elf/5.3.0/../../../../../H-x86_64-mingw32/nios2-elf/lib/mno-hw-mul\libc.a(lib_a-findfp.o)
                0x0000000000013700                __fp_unlock_all
 .text          0x0000000000013718        0x0 d:/application/intelfpga_lite/18.1/nios2eds/bin/gnu/h-x86_64-mingw32/bin/../lib/gcc/nios2-elf/5.3.0/../../../../../H-x86_64-mingw32/nios2-elf/lib/mno-hw-mul\libc.a(lib_a-freer.o)
 .text._malloc_trim_r
                0x0000000000013718      0x124 d:/application/intelfpga_lite/18.1/nios2eds/bin/gnu/h-x86_64-mingw32/bin/../lib/gcc/nios2-elf/5.3.0/../../../../../H-x86_64-mingw32/nios2-elf/lib/mno-hw-mul\libc.a(lib_a-freer.o)
                0x0000000000013718                _malloc_trim_r
 .text._free_r  0x000000000001383c      0x310 d:/application/intelfpga_lite/18.1/nios2eds/bin/gnu/h-x86_64-mingw32/bin/../lib/gcc/nios2-elf/5.3.0/../../../../../H-x86_64-mingw32/nios2-elf/lib/mno-hw-mul\libc.a(lib_a-freer.o)
                0x000000000001383c                _free_r
 .text          0x0000000000013b4c        0x0 d:/application/intelfpga_lite/18.1/nios2eds/bin/gnu/h-x86_64-mingw32/bin/../lib/gcc/nios2-elf/5.3.0/../../../../../H-x86_64-mingw32/nios2-elf/lib/mno-hw-mul\libc.a(lib_a-fwalk.o)
 .text._fwalk   0x0000000000013b4c       0xc4 d:/application/intelfpga_lite/18.1/nios2eds/bin/gnu/h-x86_64-mingw32/bin/../lib/gcc/nios2-elf/5.3.0/../../../../../H-x86_64-mingw32/nios2-elf/lib/mno-hw-mul\libc.a(lib_a-fwalk.o)
                0x0000000000013b4c                _fwalk
 .text._fwalk_reent
                0x0000000000013c10       0xc4 d:/application/intelfpga_lite/18.1/nios2eds/bin/gnu/h-x86_64-mingw32/bin/../lib/gcc/nios2-elf/5.3.0/../../../../../H-x86_64-mingw32/nios2-elf/lib/mno-hw-mul\libc.a(lib_a-fwalk.o)
                0x0000000000013c10                _fwalk_reent
 .text          0x0000000000013cd4        0x0 d:/application/intelfpga_lite/18.1/nios2eds/bin/gnu/h-x86_64-mingw32/bin/../lib/gcc/nios2-elf/5.3.0/../../../../../H-x86_64-mingw32/nios2-elf/lib/mno-hw-mul\libc.a(lib_a-makebuf.o)
 .text.__smakebuf_r
                0x0000000000013cd4      0x1bc d:/application/intelfpga_lite/18.1/nios2eds/bin/gnu/h-x86_64-mingw32/bin/../lib/gcc/nios2-elf/5.3.0/../../../../../H-x86_64-mingw32/nios2-elf/lib/mno-hw-mul\libc.a(lib_a-makebuf.o)
                0x0000000000013cd4                __smakebuf_r
 .text          0x0000000000013e90        0x0 d:/application/intelfpga_lite/18.1/nios2eds/bin/gnu/h-x86_64-mingw32/bin/../lib/gcc/nios2-elf/5.3.0/../../../../../H-x86_64-mingw32/nios2-elf/lib/mno-hw-mul\libc.a(lib_a-mallocr.o)
 .text._malloc_r
                0x0000000000013e90      0x80c d:/application/intelfpga_lite/18.1/nios2eds/bin/gnu/h-x86_64-mingw32/bin/../lib/gcc/nios2-elf/5.3.0/../../../../../H-x86_64-mingw32/nios2-elf/lib/mno-hw-mul\libc.a(lib_a-mallocr.o)
                0x0000000000013e90                _malloc_r
 .text          0x000000000001469c        0x0 d:/application/intelfpga_lite/18.1/nios2eds/bin/gnu/h-x86_64-mingw32/bin/../lib/gcc/nios2-elf/5.3.0/../../../../../H-x86_64-mingw32/nios2-elf/lib/mno-hw-mul\libc.a(lib_a-memset.o)
 .text.memset   0x000000000001469c      0x128 d:/application/intelfpga_lite/18.1/nios2eds/bin/gnu/h-x86_64-mingw32/bin/../lib/gcc/nios2-elf/5.3.0/../../../../../H-x86_64-mingw32/nios2-elf/lib/mno-hw-mul\libc.a(lib_a-memset.o)
                0x000000000001469c                memset
 .text          0x00000000000147c4        0x0 d:/application/intelfpga_lite/18.1/nios2eds/bin/gnu/h-x86_64-mingw32/bin/../lib/gcc/nios2-elf/5.3.0/../../../../../H-x86_64-mingw32/nios2-elf/lib/mno-hw-mul\libc.a(lib_a-sbrkr.o)
 .text._sbrk_r  0x00000000000147c4       0x54 d:/application/intelfpga_lite/18.1/nios2eds/bin/gnu/h-x86_64-mingw32/bin/../lib/gcc/nios2-elf/5.3.0/../../../../../H-x86_64-mingw32/nios2-elf/lib/mno-hw-mul\libc.a(lib_a-sbrkr.o)
                0x00000000000147c4                _sbrk_r
 .text          0x0000000000014818        0x0 d:/application/intelfpga_lite/18.1/nios2eds/bin/gnu/h-x86_64-mingw32/bin/../lib/gcc/nios2-elf/5.3.0/../../../../../H-x86_64-mingw32/nios2-elf/lib/mno-hw-mul\libc.a(lib_a-stdio.o)
 .text.__sread  0x0000000000014818       0x54 d:/application/intelfpga_lite/18.1/nios2eds/bin/gnu/h-x86_64-mingw32/bin/../lib/gcc/nios2-elf/5.3.0/../../../../../H-x86_64-mingw32/nios2-elf/lib/mno-hw-mul\libc.a(lib_a-stdio.o)
                0x0000000000014818                __sread
 .text.__seofread
                0x000000000001486c        0x8 d:/application/intelfpga_lite/18.1/nios2eds/bin/gnu/h-x86_64-mingw32/bin/../lib/gcc/nios2-elf/5.3.0/../../../../../H-x86_64-mingw32/nios2-elf/lib/mno-hw-mul\libc.a(lib_a-stdio.o)
                0x000000000001486c                __seofread
 .text.__swrite
                0x0000000000014874       0x7c d:/application/intelfpga_lite/18.1/nios2eds/bin/gnu/h-x86_64-mingw32/bin/../lib/gcc/nios2-elf/5.3.0/../../../../../H-x86_64-mingw32/nios2-elf/lib/mno-hw-mul\libc.a(lib_a-stdio.o)
                0x0000000000014874                __swrite
 .text.__sseek  0x00000000000148f0       0x5c d:/application/intelfpga_lite/18.1/nios2eds/bin/gnu/h-x86_64-mingw32/bin/../lib/gcc/nios2-elf/5.3.0/../../../../../H-x86_64-mingw32/nios2-elf/lib/mno-hw-mul\libc.a(lib_a-stdio.o)
                0x00000000000148f0                __sseek
 .text.__sclose
                0x000000000001494c        0x8 d:/application/intelfpga_lite/18.1/nios2eds/bin/gnu/h-x86_64-mingw32/bin/../lib/gcc/nios2-elf/5.3.0/../../../../../H-x86_64-mingw32/nios2-elf/lib/mno-hw-mul\libc.a(lib_a-stdio.o)
                0x000000000001494c                __sclose
 .text          0x0000000000014954        0x0 d:/application/intelfpga_lite/18.1/nios2eds/bin/gnu/h-x86_64-mingw32/bin/../lib/gcc/nios2-elf/5.3.0/../../../../../H-x86_64-mingw32/nios2-elf/lib/mno-hw-mul\libc.a(lib_a-writer.o)
 .text._write_r
                0x0000000000014954       0x60 d:/application/intelfpga_lite/18.1/nios2eds/bin/gnu/h-x86_64-mingw32/bin/../lib/gcc/nios2-elf/5.3.0/../../../../../H-x86_64-mingw32/nios2-elf/lib/mno-hw-mul\libc.a(lib_a-writer.o)
                0x0000000000014954                _write_r
 .text          0x00000000000149b4        0x0 d:/application/intelfpga_lite/18.1/nios2eds/bin/gnu/h-x86_64-mingw32/bin/../lib/gcc/nios2-elf/5.3.0/../../../../../H-x86_64-mingw32/nios2-elf/lib/mno-hw-mul\libc.a(closer.o)
 .text._close_r
                0x00000000000149b4       0x54 d:/application/intelfpga_lite/18.1/nios2eds/bin/gnu/h-x86_64-mingw32/bin/../lib/gcc/nios2-elf/5.3.0/../../../../../H-x86_64-mingw32/nios2-elf/lib/mno-hw-mul\libc.a(closer.o)
                0x00000000000149b4                _close_r
 .text          0x0000000000014a08        0x0 d:/application/intelfpga_lite/18.1/nios2eds/bin/gnu/h-x86_64-mingw32/bin/../lib/gcc/nios2-elf/5.3.0/../../../../../H-x86_64-mingw32/nios2-elf/lib/mno-hw-mul\libc.a(lib_a-fclose.o)
 .text._fclose_r
                0x0000000000014a08       0xf0 d:/application/intelfpga_lite/18.1/nios2eds/bin/gnu/h-x86_64-mingw32/bin/../lib/gcc/nios2-elf/5.3.0/../../../../../H-x86_64-mingw32/nios2-elf/lib/mno-hw-mul\libc.a(lib_a-fclose.o)
                0x0000000000014a08                _fclose_r
 .text.fclose   0x0000000000014af8       0x14 d:/application/intelfpga_lite/18.1/nios2eds/bin/gnu/h-x86_64-mingw32/bin/../lib/gcc/nios2-elf/5.3.0/../../../../../H-x86_64-mingw32/nios2-elf/lib/mno-hw-mul\libc.a(lib_a-fclose.o)
                0x0000000000014af8                fclose
 .text          0x0000000000014b0c        0x0 d:/application/intelfpga_lite/18.1/nios2eds/bin/gnu/h-x86_64-mingw32/bin/../lib/gcc/nios2-elf/5.3.0/../../../../../H-x86_64-mingw32/nios2-elf/lib/mno-hw-mul\libc.a(lib_a-fstatr.o)
 .text._fstat_r
                0x0000000000014b0c       0x5c d:/application/intelfpga_lite/18.1/nios2eds/bin/gnu/h-x86_64-mingw32/bin/../lib/gcc/nios2-elf/5.3.0/../../../../../H-x86_64-mingw32/nios2-elf/lib/mno-hw-mul\libc.a(lib_a-fstatr.o)
                0x0000000000014b0c                _fstat_r
 .text          0x0000000000014b68        0x0 d:/application/intelfpga_lite/18.1/nios2eds/bin/gnu/h-x86_64-mingw32/bin/../lib/gcc/nios2-elf/5.3.0/../../../../../H-x86_64-mingw32/nios2-elf/lib/mno-hw-mul\libc.a(lib_a-isattyr.o)
 .text._isatty_r
                0x0000000000014b68       0x54 d:/application/intelfpga_lite/18.1/nios2eds/bin/gnu/h-x86_64-mingw32/bin/../lib/gcc/nios2-elf/5.3.0/../../../../../H-x86_64-mingw32/nios2-elf/lib/mno-hw-mul\libc.a(lib_a-isattyr.o)
                0x0000000000014b68                _isatty_r
 .text          0x0000000000014bbc        0x0 d:/application/intelfpga_lite/18.1/nios2eds/bin/gnu/h-x86_64-mingw32/bin/../lib/gcc/nios2-elf/5.3.0/../../../../../H-x86_64-mingw32/nios2-elf/lib/mno-hw-mul\libc.a(lib_a-lseekr.o)
 .text._lseek_r
                0x0000000000014bbc       0x60 d:/application/intelfpga_lite/18.1/nios2eds/bin/gnu/h-x86_64-mingw32/bin/../lib/gcc/nios2-elf/5.3.0/../../../../../H-x86_64-mingw32/nios2-elf/lib/mno-hw-mul\libc.a(lib_a-lseekr.o)
                0x0000000000014bbc                _lseek_r
 .text          0x0000000000014c1c        0x0 d:/application/intelfpga_lite/18.1/nios2eds/bin/gnu/h-x86_64-mingw32/bin/../lib/gcc/nios2-elf/5.3.0/../../../../../H-x86_64-mingw32/nios2-elf/lib/mno-hw-mul\libc.a(lib_a-readr.o)
 .text._read_r  0x0000000000014c1c       0x60 d:/application/intelfpga_lite/18.1/nios2eds/bin/gnu/h-x86_64-mingw32/bin/../lib/gcc/nios2-elf/5.3.0/../../../../../H-x86_64-mingw32/nios2-elf/lib/mno-hw-mul\libc.a(lib_a-readr.o)
                0x0000000000014c1c                _read_r
 .text          0x0000000000014c7c       0x28 d:/application/intelfpga_lite/18.1/nios2eds/bin/gnu/h-x86_64-mingw32/bin/../lib/gcc/nios2-elf/5.3.0/mno-hw-mul\libgcc.a(lib2-mul.o)
                0x0000000000014c7c                __mulsi3
 .text          0x0000000000014ca4       0x34 ../bsp\libhal_bsp.a(alt_exit.o)
                0x0000000000014ca4                _exit
 .text          0x0000000000014cd8       0xf4 ../bsp\libhal_bsp.a(alt_fstat.o)
                0x0000000000014d14                fstat
 .text          0x0000000000014dcc       0xe8 ../bsp\libhal_bsp.a(alt_isatty.o)
                0x0000000000014e08                isatty
 .text          0x0000000000014eb4      0x118 ../bsp\libhal_bsp.a(alt_lseek.o)
                0x0000000000014ef0                lseek
 .text          0x0000000000014fcc       0x48 ../bsp\libhal_bsp.a(alt_malloc_lock.o)
                0x0000000000014fcc                __malloc_lock
                0x0000000000014ff0                __malloc_unlock
 .text          0x0000000000015014      0x140 ../bsp\libhal_bsp.a(alt_read.o)
                0x0000000000015050                read
 .text          0x0000000000015154       0xb0 ../bsp\libhal_bsp.a(alt_sbrk.o)
                0x0000000000015154                sbrk
 .text          0x0000000000015204      0x13c ../bsp\libhal_bsp.a(alt_write.o)
                0x0000000000015240                write
 *(.gnu.warning.*)
 *(.fini)
                [!provide]                        PROVIDE (__etext, ABSOLUTE (.))
                [!provide]                        PROVIDE (_etext, ABSOLUTE (.))
                [!provide]                        PROVIDE (etext, ABSOLUTE (.))
 *(.eh_frame_hdr)
                0x0000000000015340                . = ALIGN (0x4)
                [!provide]                        PROVIDE (__preinit_array_start, ABSOLUTE (.))
 *(.preinit_array)
                [!provide]                        PROVIDE (__preinit_array_end, ABSOLUTE (.))
                [!provide]                        PROVIDE (__init_array_start, ABSOLUTE (.))
 *(.init_array)
                [!provide]                        PROVIDE (__init_array_end, ABSOLUTE (.))
                [!provide]                        PROVIDE (__fini_array_start, ABSOLUTE (.))
 *(.fini_array)
                [!provide]                        PROVIDE (__fini_array_end, ABSOLUTE (.))
 *(.eh_frame)
 *(.gcc_except_table .gcc_except_table.*)
 *(.dynamic)
                0x0000000000015340                PROVIDE (__CTOR_LIST__, ABSOLUTE (.))
 *(.ctors)
 *(SORT(.ctors.*))
                0x0000000000015340                PROVIDE (__CTOR_END__, ABSOLUTE (.))
                0x0000000000015340                PROVIDE (__DTOR_LIST__, ABSOLUTE (.))
 *(.dtors)
 *(SORT(.dtors.*))
                0x0000000000015340                PROVIDE (__DTOR_END__, ABSOLUTE (.))
 *(.jcr)
                0x0000000000015340                . = ALIGN (0x4)

.rodata         0x0000000000015340       0x88
                0x0000000000015340                PROVIDE (__ram_rodata_start, ABSOLUTE (.))
                0x0000000000015340                . = ALIGN (0x4)
 *(.rodata .rodata.* .gnu.linkonce.r.*)
 .rodata        0x0000000000015340       0x4f obj/default/counter_3Digit.o
 *fill*         0x000000000001538f        0x1 
 .rodata        0x0000000000015390       0x11 ../bsp\libhal_bsp.a(alt_main.o)
 *fill*         0x00000000000153a1        0x3 
 .rodata        0x00000000000153a4       0x11 ../bsp\libhal_bsp.a(alt_sys_init.o)
 *fill*         0x00000000000153b5        0x3 
 .rodata        0x00000000000153b8        0xa ../bsp\libhal_bsp.a(alt_dev.o)
 *fill*         0x00000000000153c2        0x2 
 .rodata.str1.4
                0x00000000000153c4        0x4 d:/application/intelfpga_lite/18.1/nios2eds/bin/gnu/h-x86_64-mingw32/bin/../lib/gcc/nios2-elf/5.3.0/../../../../../H-x86_64-mingw32/nios2-elf/lib/mno-hw-mul\libc.a(lib_a-impure.o)
                                          0x2 (size before relaxing)
 *(.rodata1)
                0x00000000000153c8                . = ALIGN (0x4)
                0x00000000000153c8                PROVIDE (__ram_rodata_end, ABSOLUTE (.))
                0x0000000000015340                PROVIDE (__flash_rodata_start, LOADADDR (.rodata))

.rwdata         0x00000000000153c8     0x1a6c load address 0x0000000000016e34
                0x00000000000153c8                PROVIDE (__ram_rwdata_start, ABSOLUTE (.))
                0x00000000000153c8                . = ALIGN (0x4)
 *(.got.plt)
 *(.got)
 *(.data1)
 *(.data .data.* .gnu.linkonce.d.*)
 .data          0x00000000000153c8        0x0 ../bsp/obj/HAL/src/crt0.o
 .data          0x00000000000153c8        0x0 obj/default/counter_3Digit.o
 .data          0x00000000000153c8        0x0 d:/application/intelfpga_lite/18.1/nios2eds/bin/gnu/h-x86_64-mingw32/bin/../lib/gcc/nios2-elf/5.3.0/mno-hw-mul\libgcc.a(lib2-divmod.o)
 .data          0x00000000000153c8        0x0 ../bsp\libhal_bsp.a(alt_irq_register.o)
 .data          0x00000000000153c8        0x0 ../bsp\libhal_bsp.a(alt_irq_vars.o)
 .data          0x00000000000153c8        0x0 ../bsp\libhal_bsp.a(alt_load.o)
 .data          0x00000000000153c8        0x0 ../bsp\libhal_bsp.a(alt_main.o)
 .data          0x00000000000153c8        0x0 ../bsp\libhal_bsp.a(alt_printf.o)
 .data          0x00000000000153c8        0x0 ../bsp\libhal_bsp.a(alt_putchar.o)
 .data          0x00000000000153c8     0x1060 ../bsp\libhal_bsp.a(alt_sys_init.o)
 .data          0x0000000000016428        0x0 ../bsp\libhal_bsp.a(altera_avalon_jtag_uart_fd.o)
 .data          0x0000000000016428        0x0 ../bsp\libhal_bsp.a(altera_avalon_jtag_uart_init.o)
 .data          0x0000000000016428        0x0 ../bsp\libhal_bsp.a(altera_avalon_jtag_uart_ioctl.o)
 .data          0x0000000000016428        0x0 ../bsp\libhal_bsp.a(altera_avalon_jtag_uart_read.o)
 .data          0x0000000000016428        0x0 ../bsp\libhal_bsp.a(altera_avalon_jtag_uart_write.o)
 .data          0x0000000000016428        0x0 ../bsp\libhal_bsp.a(altera_avalon_timer_sc.o)
 .data          0x0000000000016428        0x0 ../bsp\libhal_bsp.a(alt_alarm_start.o)
 .data          0x0000000000016428        0x0 ../bsp\libhal_bsp.a(alt_close.o)
 .data          0x0000000000016428        0x0 ../bsp\libhal_bsp.a(alt_dcache_flush_all.o)
 .data          0x0000000000016428      0x1a8 ../bsp\libhal_bsp.a(alt_dev.o)
                0x0000000000016428                alt_dev_null
                0x0000000000016450                alt_fd_list
 .data          0x00000000000165d0        0x0 ../bsp\libhal_bsp.a(alt_dev_llist_insert.o)
 .data          0x00000000000165d0        0x0 ../bsp\libhal_bsp.a(alt_do_ctors.o)
 .data          0x00000000000165d0        0x0 ../bsp\libhal_bsp.a(alt_do_dtors.o)
 .data          0x00000000000165d0        0x0 ../bsp\libhal_bsp.a(alt_errno.o)
 .data          0x00000000000165d0        0x0 ../bsp\libhal_bsp.a(alt_icache_flush_all.o)
 .data          0x00000000000165d0        0x0 ../bsp\libhal_bsp.a(alt_iic.o)
 .data          0x00000000000165d0        0x0 ../bsp\libhal_bsp.a(alt_iic_isr_register.o)
 .data          0x00000000000165d0        0x0 ../bsp\libhal_bsp.a(alt_io_redirect.o)
 .data          0x00000000000165d0        0x0 ../bsp\libhal_bsp.a(alt_irq_entry.o)
 .data          0x00000000000165d0        0x0 ../bsp\libhal_bsp.a(alt_irq_handler.o)
 .data          0x00000000000165d0        0x0 ../bsp\libhal_bsp.a(alt_open.o)
 .data          0x00000000000165d0        0x0 ../bsp\libhal_bsp.a(alt_release_fd.o)
 .data          0x00000000000165d0        0x0 ../bsp\libhal_bsp.a(alt_tick.o)
 .data          0x00000000000165d0        0x0 ../bsp\libhal_bsp.a(altera_nios2_gen2_irq.o)
 .data          0x00000000000165d0        0x0 ../bsp\libhal_bsp.a(alt_exception_entry.o)
 .data          0x00000000000165d0        0x0 ../bsp\libhal_bsp.a(alt_find_dev.o)
 .data          0x00000000000165d0        0x0 ../bsp\libhal_bsp.a(alt_find_file.o)
 .data          0x00000000000165d0        0x0 ../bsp\libhal_bsp.a(alt_get_fd.o)
 .data          0x00000000000165d0        0x0 ../bsp\libhal_bsp.a(alt_instruction_exception_entry.o)
 .data          0x00000000000165d0        0x0 d:/application/intelfpga_lite/18.1/nios2eds/bin/gnu/h-x86_64-mingw32/bin/../lib/gcc/nios2-elf/5.3.0/../../../../../H-x86_64-mingw32/nios2-elf/lib/mno-hw-mul\libc.a(lib_a-atexit.o)
 .data          0x00000000000165d0        0x0 d:/application/intelfpga_lite/18.1/nios2eds/bin/gnu/h-x86_64-mingw32/bin/../lib/gcc/nios2-elf/5.3.0/../../../../../H-x86_64-mingw32/nios2-elf/lib/mno-hw-mul\libc.a(lib_a-exit.o)
 .data          0x00000000000165d0        0x0 d:/application/intelfpga_lite/18.1/nios2eds/bin/gnu/h-x86_64-mingw32/bin/../lib/gcc/nios2-elf/5.3.0/../../../../../H-x86_64-mingw32/nios2-elf/lib/mno-hw-mul\libc.a(lib_a-impure.o)
 .data.impure_data
                0x00000000000165d0      0x424 d:/application/intelfpga_lite/18.1/nios2eds/bin/gnu/h-x86_64-mingw32/bin/../lib/gcc/nios2-elf/5.3.0/../../../../../H-x86_64-mingw32/nios2-elf/lib/mno-hw-mul\libc.a(lib_a-impure.o)
 .data          0x00000000000169f4        0x0 d:/application/intelfpga_lite/18.1/nios2eds/bin/gnu/h-x86_64-mingw32/bin/../lib/gcc/nios2-elf/5.3.0/../../../../../H-x86_64-mingw32/nios2-elf/lib/mno-hw-mul\libc.a(lib_a-int_errno.o)
 .data          0x00000000000169f4        0x0 d:/application/intelfpga_lite/18.1/nios2eds/bin/gnu/h-x86_64-mingw32/bin/../lib/gcc/nios2-elf/5.3.0/../../../../../H-x86_64-mingw32/nios2-elf/lib/mno-hw-mul\libc.a(lib_a-memcmp.o)
 .data          0x00000000000169f4        0x0 d:/application/intelfpga_lite/18.1/nios2eds/bin/gnu/h-x86_64-mingw32/bin/../lib/gcc/nios2-elf/5.3.0/../../../../../H-x86_64-mingw32/nios2-elf/lib/mno-hw-mul\libc.a(lib_a-memcpy.o)
 .data          0x00000000000169f4        0x0 d:/application/intelfpga_lite/18.1/nios2eds/bin/gnu/h-x86_64-mingw32/bin/../lib/gcc/nios2-elf/5.3.0/../../../../../H-x86_64-mingw32/nios2-elf/lib/mno-hw-mul\libc.a(lib_a-putc.o)
 .data          0x00000000000169f4        0x0 d:/application/intelfpga_lite/18.1/nios2eds/bin/gnu/h-x86_64-mingw32/bin/../lib/gcc/nios2-elf/5.3.0/../../../../../H-x86_64-mingw32/nios2-elf/lib/mno-hw-mul\libc.a(lib_a-strlen.o)
 .data          0x00000000000169f4        0x0 d:/application/intelfpga_lite/18.1/nios2eds/bin/gnu/h-x86_64-mingw32/bin/../lib/gcc/nios2-elf/5.3.0/../../../../../H-x86_64-mingw32/nios2-elf/lib/mno-hw-mul\libc.a(lib_a-wbuf.o)
 .data          0x00000000000169f4        0x0 d:/application/intelfpga_lite/18.1/nios2eds/bin/gnu/h-x86_64-mingw32/bin/../lib/gcc/nios2-elf/5.3.0/../../../../../H-x86_64-mingw32/nios2-elf/lib/mno-hw-mul\libc.a(lib_a-wsetup.o)
 .data          0x00000000000169f4        0x0 d:/application/intelfpga_lite/18.1/nios2eds/bin/gnu/h-x86_64-mingw32/bin/../lib/gcc/nios2-elf/5.3.0/../../../../../H-x86_64-mingw32/nios2-elf/lib/mno-hw-mul\libc.a(lib_a-__atexit.o)
 .data          0x00000000000169f4        0x0 d:/application/intelfpga_lite/18.1/nios2eds/bin/gnu/h-x86_64-mingw32/bin/../lib/gcc/nios2-elf/5.3.0/../../../../../H-x86_64-mingw32/nios2-elf/lib/mno-hw-mul\libc.a(lib_a-__call_atexit.o)
 .data          0x00000000000169f4        0x0 d:/application/intelfpga_lite/18.1/nios2eds/bin/gnu/h-x86_64-mingw32/bin/../lib/gcc/nios2-elf/5.3.0/../../../../../H-x86_64-mingw32/nios2-elf/lib/mno-hw-mul\libc.a(lib_a-fflush.o)
 .data          0x00000000000169f4        0x0 d:/application/intelfpga_lite/18.1/nios2eds/bin/gnu/h-x86_64-mingw32/bin/../lib/gcc/nios2-elf/5.3.0/../../../../../H-x86_64-mingw32/nios2-elf/lib/mno-hw-mul\libc.a(lib_a-findfp.o)
 .data          0x00000000000169f4        0x0 d:/application/intelfpga_lite/18.1/nios2eds/bin/gnu/h-x86_64-mingw32/bin/../lib/gcc/nios2-elf/5.3.0/../../../../../H-x86_64-mingw32/nios2-elf/lib/mno-hw-mul\libc.a(lib_a-freer.o)
 .data          0x00000000000169f4        0x0 d:/application/intelfpga_lite/18.1/nios2eds/bin/gnu/h-x86_64-mingw32/bin/../lib/gcc/nios2-elf/5.3.0/../../../../../H-x86_64-mingw32/nios2-elf/lib/mno-hw-mul\libc.a(lib_a-fwalk.o)
 .data          0x00000000000169f4        0x0 d:/application/intelfpga_lite/18.1/nios2eds/bin/gnu/h-x86_64-mingw32/bin/../lib/gcc/nios2-elf/5.3.0/../../../../../H-x86_64-mingw32/nios2-elf/lib/mno-hw-mul\libc.a(lib_a-makebuf.o)
 .data          0x00000000000169f4        0x0 d:/application/intelfpga_lite/18.1/nios2eds/bin/gnu/h-x86_64-mingw32/bin/../lib/gcc/nios2-elf/5.3.0/../../../../../H-x86_64-mingw32/nios2-elf/lib/mno-hw-mul\libc.a(lib_a-mallocr.o)
 .data.__malloc_av_
                0x00000000000169f4      0x408 d:/application/intelfpga_lite/18.1/nios2eds/bin/gnu/h-x86_64-mingw32/bin/../lib/gcc/nios2-elf/5.3.0/../../../../../H-x86_64-mingw32/nios2-elf/lib/mno-hw-mul\libc.a(lib_a-mallocr.o)
                0x00000000000169f4                __malloc_av_
 .data          0x0000000000016dfc        0x0 d:/application/intelfpga_lite/18.1/nios2eds/bin/gnu/h-x86_64-mingw32/bin/../lib/gcc/nios2-elf/5.3.0/../../../../../H-x86_64-mingw32/nios2-elf/lib/mno-hw-mul\libc.a(lib_a-memset.o)
 .data          0x0000000000016dfc        0x0 d:/application/intelfpga_lite/18.1/nios2eds/bin/gnu/h-x86_64-mingw32/bin/../lib/gcc/nios2-elf/5.3.0/../../../../../H-x86_64-mingw32/nios2-elf/lib/mno-hw-mul\libc.a(lib_a-sbrkr.o)
 .data          0x0000000000016dfc        0x0 d:/application/intelfpga_lite/18.1/nios2eds/bin/gnu/h-x86_64-mingw32/bin/../lib/gcc/nios2-elf/5.3.0/../../../../../H-x86_64-mingw32/nios2-elf/lib/mno-hw-mul\libc.a(lib_a-stdio.o)
 .data          0x0000000000016dfc        0x0 d:/application/intelfpga_lite/18.1/nios2eds/bin/gnu/h-x86_64-mingw32/bin/../lib/gcc/nios2-elf/5.3.0/../../../../../H-x86_64-mingw32/nios2-elf/lib/mno-hw-mul\libc.a(lib_a-writer.o)
 .data          0x0000000000016dfc        0x0 d:/application/intelfpga_lite/18.1/nios2eds/bin/gnu/h-x86_64-mingw32/bin/../lib/gcc/nios2-elf/5.3.0/../../../../../H-x86_64-mingw32/nios2-elf/lib/mno-hw-mul\libc.a(closer.o)
 .data          0x0000000000016dfc        0x0 d:/application/intelfpga_lite/18.1/nios2eds/bin/gnu/h-x86_64-mingw32/bin/../lib/gcc/nios2-elf/5.3.0/../../../../../H-x86_64-mingw32/nios2-elf/lib/mno-hw-mul\libc.a(lib_a-fclose.o)
 .data          0x0000000000016dfc        0x0 d:/application/intelfpga_lite/18.1/nios2eds/bin/gnu/h-x86_64-mingw32/bin/../lib/gcc/nios2-elf/5.3.0/../../../../../H-x86_64-mingw32/nios2-elf/lib/mno-hw-mul\libc.a(lib_a-fstatr.o)
 .data          0x0000000000016dfc        0x0 d:/application/intelfpga_lite/18.1/nios2eds/bin/gnu/h-x86_64-mingw32/bin/../lib/gcc/nios2-elf/5.3.0/../../../../../H-x86_64-mingw32/nios2-elf/lib/mno-hw-mul\libc.a(lib_a-isattyr.o)
 .data          0x0000000000016dfc        0x0 d:/application/intelfpga_lite/18.1/nios2eds/bin/gnu/h-x86_64-mingw32/bin/../lib/gcc/nios2-elf/5.3.0/../../../../../H-x86_64-mingw32/nios2-elf/lib/mno-hw-mul\libc.a(lib_a-lseekr.o)
 .data          0x0000000000016dfc        0x0 d:/application/intelfpga_lite/18.1/nios2eds/bin/gnu/h-x86_64-mingw32/bin/../lib/gcc/nios2-elf/5.3.0/../../../../../H-x86_64-mingw32/nios2-elf/lib/mno-hw-mul\libc.a(lib_a-readr.o)
 .data          0x0000000000016dfc        0x0 d:/application/intelfpga_lite/18.1/nios2eds/bin/gnu/h-x86_64-mingw32/bin/../lib/gcc/nios2-elf/5.3.0/mno-hw-mul\libgcc.a(lib2-mul.o)
 .data          0x0000000000016dfc        0x0 ../bsp\libhal_bsp.a(alt_exit.o)
 .data          0x0000000000016dfc        0x0 ../bsp\libhal_bsp.a(alt_fstat.o)
 .data          0x0000000000016dfc        0x0 ../bsp\libhal_bsp.a(alt_isatty.o)
 .data          0x0000000000016dfc        0x0 ../bsp\libhal_bsp.a(alt_lseek.o)
 .data          0x0000000000016dfc        0x0 ../bsp\libhal_bsp.a(alt_malloc_lock.o)
 .data          0x0000000000016dfc        0x0 ../bsp\libhal_bsp.a(alt_read.o)
 .data          0x0000000000016dfc        0x0 ../bsp\libhal_bsp.a(alt_sbrk.o)
 .data          0x0000000000016dfc        0x0 ../bsp\libhal_bsp.a(alt_write.o)
                0x000000000001edfc                _gp = ABSOLUTE ((. + 0x8000))
                [!provide]                        PROVIDE (gp, _gp)
 *(.rwdata .rwdata.*)
 *(.sdata .sdata.* .gnu.linkonce.s.*)
 .sdata         0x0000000000016dfc        0x4 ../bsp\libhal_bsp.a(alt_irq_vars.o)
                0x0000000000016dfc                alt_priority_mask
 .sdata         0x0000000000016e00       0x14 ../bsp\libhal_bsp.a(alt_dev.o)
                0x0000000000016e00                alt_fs_list
                0x0000000000016e08                alt_dev_list
                0x0000000000016e10                alt_max_fd
 .sdata         0x0000000000016e14        0x4 ../bsp\libhal_bsp.a(alt_errno.o)
                0x0000000000016e14                alt_errno
 .sdata         0x0000000000016e18        0x8 ../bsp\libhal_bsp.a(alt_tick.o)
                0x0000000000016e18                alt_alarm_list
 .sdata._global_impure_ptr
                0x0000000000016e20        0x4 d:/application/intelfpga_lite/18.1/nios2eds/bin/gnu/h-x86_64-mingw32/bin/../lib/gcc/nios2-elf/5.3.0/../../../../../H-x86_64-mingw32/nios2-elf/lib/mno-hw-mul\libc.a(lib_a-impure.o)
                0x0000000000016e20                _global_impure_ptr
 .sdata._impure_ptr
                0x0000000000016e24        0x4 d:/application/intelfpga_lite/18.1/nios2eds/bin/gnu/h-x86_64-mingw32/bin/../lib/gcc/nios2-elf/5.3.0/../../../../../H-x86_64-mingw32/nios2-elf/lib/mno-hw-mul\libc.a(lib_a-impure.o)
                0x0000000000016e24                _impure_ptr
 .sdata.__malloc_sbrk_base
                0x0000000000016e28        0x4 d:/application/intelfpga_lite/18.1/nios2eds/bin/gnu/h-x86_64-mingw32/bin/../lib/gcc/nios2-elf/5.3.0/../../../../../H-x86_64-mingw32/nios2-elf/lib/mno-hw-mul\libc.a(lib_a-mallocr.o)
                0x0000000000016e28                __malloc_sbrk_base
 .sdata.__malloc_trim_threshold
                0x0000000000016e2c        0x4 d:/application/intelfpga_lite/18.1/nios2eds/bin/gnu/h-x86_64-mingw32/bin/../lib/gcc/nios2-elf/5.3.0/../../../../../H-x86_64-mingw32/nios2-elf/lib/mno-hw-mul\libc.a(lib_a-mallocr.o)
                0x0000000000016e2c                __malloc_trim_threshold
 .sdata         0x0000000000016e30        0x4 ../bsp\libhal_bsp.a(alt_sbrk.o)
 *(.sdata2 .sdata2.* .gnu.linkonce.s2.*)
                0x0000000000016e34                . = ALIGN (0x4)
                0x0000000000016e34                _edata = ABSOLUTE (.)
                [!provide]                        PROVIDE (edata, ABSOLUTE (.))
                0x0000000000016e34                PROVIDE (__ram_rwdata_end, ABSOLUTE (.))
                0x0000000000016e34                PROVIDE (__flash_rwdata_start, LOADADDR (.rwdata))

.bss            0x00000000000188a0      0x158
                0x00000000000188a0                __bss_start = ABSOLUTE (.)
                [!provide]                        PROVIDE (__sbss_start, ABSOLUTE (.))
                [!provide]                        PROVIDE (___sbss_start, ABSOLUTE (.))
 *(.dynsbss)
 *(.sbss .sbss.* .gnu.linkonce.sb.*)
 .sbss          0x00000000000188a0        0x4 obj/default/counter_3Digit.o
                0x00000000000188a0                cpt
 .sbss          0x00000000000188a4        0x4 ../bsp\libhal_bsp.a(alt_irq_vars.o)
                0x00000000000188a4                alt_irq_active
 .sbss          0x00000000000188a8        0xc ../bsp\libhal_bsp.a(alt_main.o)
                0x00000000000188a8                alt_argc
                0x00000000000188ac                alt_argv
                0x00000000000188b0                alt_envp
 .sbss          0x00000000000188b4        0x8 ../bsp\libhal_bsp.a(alt_tick.o)
                0x00000000000188b4                _alt_tick_rate
                0x00000000000188b8                _alt_nticks
 .sbss          0x00000000000188bc        0x4 ../bsp\libhal_bsp.a(alt_instruction_exception_entry.o)
                0x00000000000188bc                alt_instruction_exception_handler
 .sbss          0x00000000000188c0        0x4 d:/application/intelfpga_lite/18.1/nios2eds/bin/gnu/h-x86_64-mingw32/bin/../lib/gcc/nios2-elf/5.3.0/../../../../../H-x86_64-mingw32/nios2-elf/lib/mno-hw-mul\libc.a(lib_a-int_errno.o)
                0x00000000000188c0                errno
 .sbss.__malloc_max_total_mem
                0x00000000000188c4        0x4 d:/application/intelfpga_lite/18.1/nios2eds/bin/gnu/h-x86_64-mingw32/bin/../lib/gcc/nios2-elf/5.3.0/../../../../../H-x86_64-mingw32/nios2-elf/lib/mno-hw-mul\libc.a(lib_a-mallocr.o)
                0x00000000000188c4                __malloc_max_total_mem
 .sbss.__malloc_max_sbrked_mem
                0x00000000000188c8        0x4 d:/application/intelfpga_lite/18.1/nios2eds/bin/gnu/h-x86_64-mingw32/bin/../lib/gcc/nios2-elf/5.3.0/../../../../../H-x86_64-mingw32/nios2-elf/lib/mno-hw-mul\libc.a(lib_a-mallocr.o)
                0x00000000000188c8                __malloc_max_sbrked_mem
 .sbss.__malloc_top_pad
                0x00000000000188cc        0x4 d:/application/intelfpga_lite/18.1/nios2eds/bin/gnu/h-x86_64-mingw32/bin/../lib/gcc/nios2-elf/5.3.0/../../../../../H-x86_64-mingw32/nios2-elf/lib/mno-hw-mul\libc.a(lib_a-mallocr.o)
                0x00000000000188cc                __malloc_top_pad
 *(.sbss2 .sbss2.* .gnu.linkonce.sb2.*)
 *(.scommon)
                [!provide]                        PROVIDE (__sbss_end, ABSOLUTE (.))
                [!provide]                        PROVIDE (___sbss_end, ABSOLUTE (.))
 *(.dynbss)
 *(.bss .bss.* .gnu.linkonce.b.*)
 .bss           0x00000000000188d0        0x0 ../bsp/obj/HAL/src/crt0.o
 .bss           0x00000000000188d0        0x0 obj/default/counter_3Digit.o
 .bss           0x00000000000188d0        0x0 d:/application/intelfpga_lite/18.1/nios2eds/bin/gnu/h-x86_64-mingw32/bin/../lib/gcc/nios2-elf/5.3.0/mno-hw-mul\libgcc.a(lib2-divmod.o)
 .bss           0x00000000000188d0        0x0 ../bsp\libhal_bsp.a(alt_irq_register.o)
 .bss           0x00000000000188d0        0x0 ../bsp\libhal_bsp.a(alt_irq_vars.o)
 .bss           0x00000000000188d0        0x0 ../bsp\libhal_bsp.a(alt_load.o)
 .bss           0x00000000000188d0        0x0 ../bsp\libhal_bsp.a(alt_main.o)
 .bss           0x00000000000188d0        0x0 ../bsp\libhal_bsp.a(alt_printf.o)
 .bss           0x00000000000188d0        0x0 ../bsp\libhal_bsp.a(alt_putchar.o)
 .bss           0x00000000000188d0        0x0 ../bsp\libhal_bsp.a(alt_sys_init.o)
 .bss           0x00000000000188d0        0x0 ../bsp\libhal_bsp.a(altera_avalon_jtag_uart_fd.o)
 .bss           0x00000000000188d0        0x0 ../bsp\libhal_bsp.a(altera_avalon_jtag_uart_init.o)
 .bss           0x00000000000188d0        0x0 ../bsp\libhal_bsp.a(altera_avalon_jtag_uart_ioctl.o)
 .bss           0x00000000000188d0        0x0 ../bsp\libhal_bsp.a(altera_avalon_jtag_uart_read.o)
 .bss           0x00000000000188d0        0x0 ../bsp\libhal_bsp.a(altera_avalon_jtag_uart_write.o)
 .bss           0x00000000000188d0        0x0 ../bsp\libhal_bsp.a(altera_avalon_timer_sc.o)
 .bss           0x00000000000188d0        0x0 ../bsp\libhal_bsp.a(alt_alarm_start.o)
 .bss           0x00000000000188d0        0x0 ../bsp\libhal_bsp.a(alt_close.o)
 .bss           0x00000000000188d0        0x0 ../bsp\libhal_bsp.a(alt_dcache_flush_all.o)
 .bss           0x00000000000188d0        0x0 ../bsp\libhal_bsp.a(alt_dev.o)
 .bss           0x00000000000188d0        0x0 ../bsp\libhal_bsp.a(alt_dev_llist_insert.o)
 .bss           0x00000000000188d0        0x0 ../bsp\libhal_bsp.a(alt_do_ctors.o)
 .bss           0x00000000000188d0        0x0 ../bsp\libhal_bsp.a(alt_do_dtors.o)
 .bss           0x00000000000188d0        0x0 ../bsp\libhal_bsp.a(alt_errno.o)
 .bss           0x00000000000188d0        0x0 ../bsp\libhal_bsp.a(alt_icache_flush_all.o)
 .bss           0x00000000000188d0        0x0 ../bsp\libhal_bsp.a(alt_iic.o)
 .bss           0x00000000000188d0        0x0 ../bsp\libhal_bsp.a(alt_iic_isr_register.o)
 .bss           0x00000000000188d0        0x0 ../bsp\libhal_bsp.a(alt_io_redirect.o)
 .bss           0x00000000000188d0        0x0 ../bsp\libhal_bsp.a(alt_irq_entry.o)
 .bss           0x00000000000188d0        0x0 ../bsp\libhal_bsp.a(alt_irq_handler.o)
 .bss           0x00000000000188d0        0x0 ../bsp\libhal_bsp.a(alt_open.o)
 .bss           0x00000000000188d0        0x0 ../bsp\libhal_bsp.a(alt_release_fd.o)
 .bss           0x00000000000188d0        0x0 ../bsp\libhal_bsp.a(alt_tick.o)
 .bss           0x00000000000188d0        0x0 ../bsp\libhal_bsp.a(altera_nios2_gen2_irq.o)
 .bss           0x00000000000188d0        0x0 ../bsp\libhal_bsp.a(alt_exception_entry.o)
 .bss           0x00000000000188d0        0x0 ../bsp\libhal_bsp.a(alt_find_dev.o)
 .bss           0x00000000000188d0        0x0 ../bsp\libhal_bsp.a(alt_find_file.o)
 .bss           0x00000000000188d0        0x0 ../bsp\libhal_bsp.a(alt_get_fd.o)
 .bss           0x00000000000188d0        0x0 ../bsp\libhal_bsp.a(alt_instruction_exception_entry.o)
 .bss           0x00000000000188d0        0x0 d:/application/intelfpga_lite/18.1/nios2eds/bin/gnu/h-x86_64-mingw32/bin/../lib/gcc/nios2-elf/5.3.0/../../../../../H-x86_64-mingw32/nios2-elf/lib/mno-hw-mul\libc.a(lib_a-atexit.o)
 .bss           0x00000000000188d0        0x0 d:/application/intelfpga_lite/18.1/nios2eds/bin/gnu/h-x86_64-mingw32/bin/../lib/gcc/nios2-elf/5.3.0/../../../../../H-x86_64-mingw32/nios2-elf/lib/mno-hw-mul\libc.a(lib_a-exit.o)
 .bss           0x00000000000188d0        0x0 d:/application/intelfpga_lite/18.1/nios2eds/bin/gnu/h-x86_64-mingw32/bin/../lib/gcc/nios2-elf/5.3.0/../../../../../H-x86_64-mingw32/nios2-elf/lib/mno-hw-mul\libc.a(lib_a-impure.o)
 .bss           0x00000000000188d0        0x0 d:/application/intelfpga_lite/18.1/nios2eds/bin/gnu/h-x86_64-mingw32/bin/../lib/gcc/nios2-elf/5.3.0/../../../../../H-x86_64-mingw32/nios2-elf/lib/mno-hw-mul\libc.a(lib_a-int_errno.o)
 .bss           0x00000000000188d0        0x0 d:/application/intelfpga_lite/18.1/nios2eds/bin/gnu/h-x86_64-mingw32/bin/../lib/gcc/nios2-elf/5.3.0/../../../../../H-x86_64-mingw32/nios2-elf/lib/mno-hw-mul\libc.a(lib_a-memcmp.o)
 .bss           0x00000000000188d0        0x0 d:/application/intelfpga_lite/18.1/nios2eds/bin/gnu/h-x86_64-mingw32/bin/../lib/gcc/nios2-elf/5.3.0/../../../../../H-x86_64-mingw32/nios2-elf/lib/mno-hw-mul\libc.a(lib_a-memcpy.o)
 .bss           0x00000000000188d0        0x0 d:/application/intelfpga_lite/18.1/nios2eds/bin/gnu/h-x86_64-mingw32/bin/../lib/gcc/nios2-elf/5.3.0/../../../../../H-x86_64-mingw32/nios2-elf/lib/mno-hw-mul\libc.a(lib_a-putc.o)
 .bss           0x00000000000188d0        0x0 d:/application/intelfpga_lite/18.1/nios2eds/bin/gnu/h-x86_64-mingw32/bin/../lib/gcc/nios2-elf/5.3.0/../../../../../H-x86_64-mingw32/nios2-elf/lib/mno-hw-mul\libc.a(lib_a-strlen.o)
 .bss           0x00000000000188d0        0x0 d:/application/intelfpga_lite/18.1/nios2eds/bin/gnu/h-x86_64-mingw32/bin/../lib/gcc/nios2-elf/5.3.0/../../../../../H-x86_64-mingw32/nios2-elf/lib/mno-hw-mul\libc.a(lib_a-wbuf.o)
 .bss           0x00000000000188d0        0x0 d:/application/intelfpga_lite/18.1/nios2eds/bin/gnu/h-x86_64-mingw32/bin/../lib/gcc/nios2-elf/5.3.0/../../../../../H-x86_64-mingw32/nios2-elf/lib/mno-hw-mul\libc.a(lib_a-wsetup.o)
 .bss           0x00000000000188d0        0x0 d:/application/intelfpga_lite/18.1/nios2eds/bin/gnu/h-x86_64-mingw32/bin/../lib/gcc/nios2-elf/5.3.0/../../../../../H-x86_64-mingw32/nios2-elf/lib/mno-hw-mul\libc.a(lib_a-__atexit.o)
 .bss           0x00000000000188d0        0x0 d:/application/intelfpga_lite/18.1/nios2eds/bin/gnu/h-x86_64-mingw32/bin/../lib/gcc/nios2-elf/5.3.0/../../../../../H-x86_64-mingw32/nios2-elf/lib/mno-hw-mul\libc.a(lib_a-__call_atexit.o)
 .bss           0x00000000000188d0        0x0 d:/application/intelfpga_lite/18.1/nios2eds/bin/gnu/h-x86_64-mingw32/bin/../lib/gcc/nios2-elf/5.3.0/../../../../../H-x86_64-mingw32/nios2-elf/lib/mno-hw-mul\libc.a(lib_a-fflush.o)
 .bss           0x00000000000188d0        0x0 d:/application/intelfpga_lite/18.1/nios2eds/bin/gnu/h-x86_64-mingw32/bin/../lib/gcc/nios2-elf/5.3.0/../../../../../H-x86_64-mingw32/nios2-elf/lib/mno-hw-mul\libc.a(lib_a-findfp.o)
 .bss           0x00000000000188d0        0x0 d:/application/intelfpga_lite/18.1/nios2eds/bin/gnu/h-x86_64-mingw32/bin/../lib/gcc/nios2-elf/5.3.0/../../../../../H-x86_64-mingw32/nios2-elf/lib/mno-hw-mul\libc.a(lib_a-freer.o)
 .bss           0x00000000000188d0        0x0 d:/application/intelfpga_lite/18.1/nios2eds/bin/gnu/h-x86_64-mingw32/bin/../lib/gcc/nios2-elf/5.3.0/../../../../../H-x86_64-mingw32/nios2-elf/lib/mno-hw-mul\libc.a(lib_a-fwalk.o)
 .bss           0x00000000000188d0        0x0 d:/application/intelfpga_lite/18.1/nios2eds/bin/gnu/h-x86_64-mingw32/bin/../lib/gcc/nios2-elf/5.3.0/../../../../../H-x86_64-mingw32/nios2-elf/lib/mno-hw-mul\libc.a(lib_a-makebuf.o)
 .bss           0x00000000000188d0        0x0 d:/application/intelfpga_lite/18.1/nios2eds/bin/gnu/h-x86_64-mingw32/bin/../lib/gcc/nios2-elf/5.3.0/../../../../../H-x86_64-mingw32/nios2-elf/lib/mno-hw-mul\libc.a(lib_a-mallocr.o)
 .bss.__malloc_current_mallinfo
                0x00000000000188d0       0x28 d:/application/intelfpga_lite/18.1/nios2eds/bin/gnu/h-x86_64-mingw32/bin/../lib/gcc/nios2-elf/5.3.0/../../../../../H-x86_64-mingw32/nios2-elf/lib/mno-hw-mul\libc.a(lib_a-mallocr.o)
                0x00000000000188d0                __malloc_current_mallinfo
 .bss           0x00000000000188f8        0x0 d:/application/intelfpga_lite/18.1/nios2eds/bin/gnu/h-x86_64-mingw32/bin/../lib/gcc/nios2-elf/5.3.0/../../../../../H-x86_64-mingw32/nios2-elf/lib/mno-hw-mul\libc.a(lib_a-memset.o)
 .bss           0x00000000000188f8        0x0 d:/application/intelfpga_lite/18.1/nios2eds/bin/gnu/h-x86_64-mingw32/bin/../lib/gcc/nios2-elf/5.3.0/../../../../../H-x86_64-mingw32/nios2-elf/lib/mno-hw-mul\libc.a(lib_a-sbrkr.o)
 .bss           0x00000000000188f8        0x0 d:/application/intelfpga_lite/18.1/nios2eds/bin/gnu/h-x86_64-mingw32/bin/../lib/gcc/nios2-elf/5.3.0/../../../../../H-x86_64-mingw32/nios2-elf/lib/mno-hw-mul\libc.a(lib_a-stdio.o)
 .bss           0x00000000000188f8        0x0 d:/application/intelfpga_lite/18.1/nios2eds/bin/gnu/h-x86_64-mingw32/bin/../lib/gcc/nios2-elf/5.3.0/../../../../../H-x86_64-mingw32/nios2-elf/lib/mno-hw-mul\libc.a(lib_a-writer.o)
 .bss           0x00000000000188f8        0x0 d:/application/intelfpga_lite/18.1/nios2eds/bin/gnu/h-x86_64-mingw32/bin/../lib/gcc/nios2-elf/5.3.0/../../../../../H-x86_64-mingw32/nios2-elf/lib/mno-hw-mul\libc.a(closer.o)
 .bss           0x00000000000188f8        0x0 d:/application/intelfpga_lite/18.1/nios2eds/bin/gnu/h-x86_64-mingw32/bin/../lib/gcc/nios2-elf/5.3.0/../../../../../H-x86_64-mingw32/nios2-elf/lib/mno-hw-mul\libc.a(lib_a-fclose.o)
 .bss           0x00000000000188f8        0x0 d:/application/intelfpga_lite/18.1/nios2eds/bin/gnu/h-x86_64-mingw32/bin/../lib/gcc/nios2-elf/5.3.0/../../../../../H-x86_64-mingw32/nios2-elf/lib/mno-hw-mul\libc.a(lib_a-fstatr.o)
 .bss           0x00000000000188f8        0x0 d:/application/intelfpga_lite/18.1/nios2eds/bin/gnu/h-x86_64-mingw32/bin/../lib/gcc/nios2-elf/5.3.0/../../../../../H-x86_64-mingw32/nios2-elf/lib/mno-hw-mul\libc.a(lib_a-isattyr.o)
 .bss           0x00000000000188f8        0x0 d:/application/intelfpga_lite/18.1/nios2eds/bin/gnu/h-x86_64-mingw32/bin/../lib/gcc/nios2-elf/5.3.0/../../../../../H-x86_64-mingw32/nios2-elf/lib/mno-hw-mul\libc.a(lib_a-lseekr.o)
 .bss           0x00000000000188f8        0x0 d:/application/intelfpga_lite/18.1/nios2eds/bin/gnu/h-x86_64-mingw32/bin/../lib/gcc/nios2-elf/5.3.0/../../../../../H-x86_64-mingw32/nios2-elf/lib/mno-hw-mul\libc.a(lib_a-readr.o)
 .bss           0x00000000000188f8        0x0 d:/application/intelfpga_lite/18.1/nios2eds/bin/gnu/h-x86_64-mingw32/bin/../lib/gcc/nios2-elf/5.3.0/mno-hw-mul\libgcc.a(lib2-mul.o)
 .bss           0x00000000000188f8        0x0 ../bsp\libhal_bsp.a(alt_exit.o)
 .bss           0x00000000000188f8        0x0 ../bsp\libhal_bsp.a(alt_fstat.o)
 .bss           0x00000000000188f8        0x0 ../bsp\libhal_bsp.a(alt_isatty.o)
 .bss           0x00000000000188f8        0x0 ../bsp\libhal_bsp.a(alt_lseek.o)
 .bss           0x00000000000188f8        0x0 ../bsp\libhal_bsp.a(alt_malloc_lock.o)
 .bss           0x00000000000188f8        0x0 ../bsp\libhal_bsp.a(alt_read.o)
 .bss           0x00000000000188f8        0x0 ../bsp\libhal_bsp.a(alt_sbrk.o)
 .bss           0x00000000000188f8        0x0 ../bsp\libhal_bsp.a(alt_write.o)
 *(COMMON)
 COMMON         0x00000000000188f8      0x100 ../bsp\libhal_bsp.a(alt_irq_handler.o)
                0x00000000000188f8                alt_irq
                0x00000000000189f8                . = ALIGN (0x4)
                0x00000000000189f8                __bss_end = ABSOLUTE (.)

.RAM            0x00000000000189f8        0x0
                [!provide]                        PROVIDE (_alt_partition_RAM_start, ABSOLUTE (.))
 *(.RAM .RAM. RAM.*)
                0x00000000000189f8                . = ALIGN (0x4)
                [!provide]                        PROVIDE (_alt_partition_RAM_end, ABSOLUTE (.))
                0x00000000000189f8                _end = ABSOLUTE (.)
                0x00000000000189f8                end = ABSOLUTE (.)
                0x00000000000189f8                __alt_stack_base = ABSOLUTE (.)
                [!provide]                        PROVIDE (_alt_partition_RAM_load_addr, LOADADDR (.RAM))

.stab
 *(.stab)

.stabstr
 *(.stabstr)

.stab.excl
 *(.stab.excl)

.stab.exclstr
 *(.stab.exclstr)

.stab.index
 *(.stab.index)

.stab.indexstr
 *(.stab.indexstr)

.comment        0x0000000000000000       0x23
 *(.comment)
 .comment       0x0000000000000000       0x23 obj/default/counter_3Digit.o
                                         0x24 (size before relaxing)
 .comment       0x0000000000000023       0x24 d:/application/intelfpga_lite/18.1/nios2eds/bin/gnu/h-x86_64-mingw32/bin/../lib/gcc/nios2-elf/5.3.0/mno-hw-mul\libgcc.a(lib2-divmod.o)
 .comment       0x0000000000000023       0x24 ../bsp\libhal_bsp.a(alt_irq_register.o)
 .comment       0x0000000000000023       0x24 ../bsp\libhal_bsp.a(alt_irq_vars.o)
 .comment       0x0000000000000023       0x24 ../bsp\libhal_bsp.a(alt_load.o)
 .comment       0x0000000000000023       0x24 ../bsp\libhal_bsp.a(alt_main.o)
 .comment       0x0000000000000023       0x24 ../bsp\libhal_bsp.a(alt_printf.o)
 .comment       0x0000000000000023       0x24 ../bsp\libhal_bsp.a(alt_putchar.o)
 .comment       0x0000000000000023       0x24 ../bsp\libhal_bsp.a(alt_sys_init.o)
 .comment       0x0000000000000023       0x24 ../bsp\libhal_bsp.a(altera_avalon_jtag_uart_fd.o)
 .comment       0x0000000000000023       0x24 ../bsp\libhal_bsp.a(altera_avalon_jtag_uart_init.o)
 .comment       0x0000000000000023       0x24 ../bsp\libhal_bsp.a(altera_avalon_jtag_uart_ioctl.o)
 .comment       0x0000000000000023       0x24 ../bsp\libhal_bsp.a(altera_avalon_jtag_uart_read.o)
 .comment       0x0000000000000023       0x24 ../bsp\libhal_bsp.a(altera_avalon_jtag_uart_write.o)
 .comment       0x0000000000000023       0x24 ../bsp\libhal_bsp.a(altera_avalon_timer_sc.o)
 .comment       0x0000000000000023       0x24 ../bsp\libhal_bsp.a(alt_alarm_start.o)
 .comment       0x0000000000000023       0x24 ../bsp\libhal_bsp.a(alt_close.o)
 .comment       0x0000000000000023       0x24 ../bsp\libhal_bsp.a(alt_dcache_flush_all.o)
 .comment       0x0000000000000023       0x24 ../bsp\libhal_bsp.a(alt_dev.o)
 .comment       0x0000000000000023       0x24 ../bsp\libhal_bsp.a(alt_dev_llist_insert.o)
 .comment       0x0000000000000023       0x24 ../bsp\libhal_bsp.a(alt_do_ctors.o)
 .comment       0x0000000000000023       0x24 ../bsp\libhal_bsp.a(alt_do_dtors.o)
 .comment       0x0000000000000023       0x24 ../bsp\libhal_bsp.a(alt_errno.o)
 .comment       0x0000000000000023       0x24 ../bsp\libhal_bsp.a(alt_icache_flush_all.o)
 .comment       0x0000000000000023       0x24 ../bsp\libhal_bsp.a(alt_iic.o)
 .comment       0x0000000000000023       0x24 ../bsp\libhal_bsp.a(alt_iic_isr_register.o)
 .comment       0x0000000000000023       0x24 ../bsp\libhal_bsp.a(alt_io_redirect.o)
 .comment       0x0000000000000023       0x24 ../bsp\libhal_bsp.a(alt_irq_handler.o)
 .comment       0x0000000000000023       0x24 ../bsp\libhal_bsp.a(alt_open.o)
 .comment       0x0000000000000023       0x24 ../bsp\libhal_bsp.a(alt_release_fd.o)
 .comment       0x0000000000000023       0x24 ../bsp\libhal_bsp.a(alt_tick.o)
 .comment       0x0000000000000023       0x24 ../bsp\libhal_bsp.a(altera_nios2_gen2_irq.o)
 .comment       0x0000000000000023       0x24 ../bsp\libhal_bsp.a(alt_find_dev.o)
 .comment       0x0000000000000023       0x24 ../bsp\libhal_bsp.a(alt_find_file.o)
 .comment       0x0000000000000023       0x24 ../bsp\libhal_bsp.a(alt_get_fd.o)
 .comment       0x0000000000000023       0x24 ../bsp\libhal_bsp.a(alt_instruction_exception_entry.o)
 .comment       0x0000000000000023       0x24 d:/application/intelfpga_lite/18.1/nios2eds/bin/gnu/h-x86_64-mingw32/bin/../lib/gcc/nios2-elf/5.3.0/../../../../../H-x86_64-mingw32/nios2-elf/lib/mno-hw-mul\libc.a(lib_a-atexit.o)
 .comment       0x0000000000000023       0x24 d:/application/intelfpga_lite/18.1/nios2eds/bin/gnu/h-x86_64-mingw32/bin/../lib/gcc/nios2-elf/5.3.0/../../../../../H-x86_64-mingw32/nios2-elf/lib/mno-hw-mul\libc.a(lib_a-exit.o)
 .comment       0x0000000000000023       0x24 d:/application/intelfpga_lite/18.1/nios2eds/bin/gnu/h-x86_64-mingw32/bin/../lib/gcc/nios2-elf/5.3.0/../../../../../H-x86_64-mingw32/nios2-elf/lib/mno-hw-mul\libc.a(lib_a-impure.o)
 .comment       0x0000000000000023       0x24 d:/application/intelfpga_lite/18.1/nios2eds/bin/gnu/h-x86_64-mingw32/bin/../lib/gcc/nios2-elf/5.3.0/../../../../../H-x86_64-mingw32/nios2-elf/lib/mno-hw-mul\libc.a(lib_a-int_errno.o)
 .comment       0x0000000000000023       0x24 d:/application/intelfpga_lite/18.1/nios2eds/bin/gnu/h-x86_64-mingw32/bin/../lib/gcc/nios2-elf/5.3.0/../../../../../H-x86_64-mingw32/nios2-elf/lib/mno-hw-mul\libc.a(lib_a-memcmp.o)
 .comment       0x0000000000000023       0x24 d:/application/intelfpga_lite/18.1/nios2eds/bin/gnu/h-x86_64-mingw32/bin/../lib/gcc/nios2-elf/5.3.0/../../../../../H-x86_64-mingw32/nios2-elf/lib/mno-hw-mul\libc.a(lib_a-memcpy.o)
 .comment       0x0000000000000023       0x24 d:/application/intelfpga_lite/18.1/nios2eds/bin/gnu/h-x86_64-mingw32/bin/../lib/gcc/nios2-elf/5.3.0/../../../../../H-x86_64-mingw32/nios2-elf/lib/mno-hw-mul\libc.a(lib_a-putc.o)
 .comment       0x0000000000000023       0x24 d:/application/intelfpga_lite/18.1/nios2eds/bin/gnu/h-x86_64-mingw32/bin/../lib/gcc/nios2-elf/5.3.0/../../../../../H-x86_64-mingw32/nios2-elf/lib/mno-hw-mul\libc.a(lib_a-strlen.o)
 .comment       0x0000000000000023       0x24 d:/application/intelfpga_lite/18.1/nios2eds/bin/gnu/h-x86_64-mingw32/bin/../lib/gcc/nios2-elf/5.3.0/../../../../../H-x86_64-mingw32/nios2-elf/lib/mno-hw-mul\libc.a(lib_a-wbuf.o)
 .comment       0x0000000000000023       0x24 d:/application/intelfpga_lite/18.1/nios2eds/bin/gnu/h-x86_64-mingw32/bin/../lib/gcc/nios2-elf/5.3.0/../../../../../H-x86_64-mingw32/nios2-elf/lib/mno-hw-mul\libc.a(lib_a-wsetup.o)
 .comment       0x0000000000000023       0x24 d:/application/intelfpga_lite/18.1/nios2eds/bin/gnu/h-x86_64-mingw32/bin/../lib/gcc/nios2-elf/5.3.0/../../../../../H-x86_64-mingw32/nios2-elf/lib/mno-hw-mul\libc.a(lib_a-__atexit.o)
 .comment       0x0000000000000023       0x24 d:/application/intelfpga_lite/18.1/nios2eds/bin/gnu/h-x86_64-mingw32/bin/../lib/gcc/nios2-elf/5.3.0/../../../../../H-x86_64-mingw32/nios2-elf/lib/mno-hw-mul\libc.a(lib_a-__call_atexit.o)
 .comment       0x0000000000000023       0x24 d:/application/intelfpga_lite/18.1/nios2eds/bin/gnu/h-x86_64-mingw32/bin/../lib/gcc/nios2-elf/5.3.0/../../../../../H-x86_64-mingw32/nios2-elf/lib/mno-hw-mul\libc.a(lib_a-fflush.o)
 .comment       0x0000000000000023       0x24 d:/application/intelfpga_lite/18.1/nios2eds/bin/gnu/h-x86_64-mingw32/bin/../lib/gcc/nios2-elf/5.3.0/../../../../../H-x86_64-mingw32/nios2-elf/lib/mno-hw-mul\libc.a(lib_a-findfp.o)
 .comment       0x0000000000000023       0x24 d:/application/intelfpga_lite/18.1/nios2eds/bin/gnu/h-x86_64-mingw32/bin/../lib/gcc/nios2-elf/5.3.0/../../../../../H-x86_64-mingw32/nios2-elf/lib/mno-hw-mul\libc.a(lib_a-freer.o)
 .comment       0x0000000000000023       0x24 d:/application/intelfpga_lite/18.1/nios2eds/bin/gnu/h-x86_64-mingw32/bin/../lib/gcc/nios2-elf/5.3.0/../../../../../H-x86_64-mingw32/nios2-elf/lib/mno-hw-mul\libc.a(lib_a-fwalk.o)
 .comment       0x0000000000000023       0x24 d:/application/intelfpga_lite/18.1/nios2eds/bin/gnu/h-x86_64-mingw32/bin/../lib/gcc/nios2-elf/5.3.0/../../../../../H-x86_64-mingw32/nios2-elf/lib/mno-hw-mul\libc.a(lib_a-makebuf.o)
 .comment       0x0000000000000023       0x24 d:/application/intelfpga_lite/18.1/nios2eds/bin/gnu/h-x86_64-mingw32/bin/../lib/gcc/nios2-elf/5.3.0/../../../../../H-x86_64-mingw32/nios2-elf/lib/mno-hw-mul\libc.a(lib_a-mallocr.o)
 .comment       0x0000000000000023       0x24 d:/application/intelfpga_lite/18.1/nios2eds/bin/gnu/h-x86_64-mingw32/bin/../lib/gcc/nios2-elf/5.3.0/../../../../../H-x86_64-mingw32/nios2-elf/lib/mno-hw-mul\libc.a(lib_a-memset.o)
 .comment       0x0000000000000023       0x24 d:/application/intelfpga_lite/18.1/nios2eds/bin/gnu/h-x86_64-mingw32/bin/../lib/gcc/nios2-elf/5.3.0/../../../../../H-x86_64-mingw32/nios2-elf/lib/mno-hw-mul\libc.a(lib_a-sbrkr.o)
 .comment       0x0000000000000023       0x24 d:/application/intelfpga_lite/18.1/nios2eds/bin/gnu/h-x86_64-mingw32/bin/../lib/gcc/nios2-elf/5.3.0/../../../../../H-x86_64-mingw32/nios2-elf/lib/mno-hw-mul\libc.a(lib_a-stdio.o)
 .comment       0x0000000000000023       0x24 d:/application/intelfpga_lite/18.1/nios2eds/bin/gnu/h-x86_64-mingw32/bin/../lib/gcc/nios2-elf/5.3.0/../../../../../H-x86_64-mingw32/nios2-elf/lib/mno-hw-mul\libc.a(lib_a-writer.o)
 .comment       0x0000000000000023       0x24 d:/application/intelfpga_lite/18.1/nios2eds/bin/gnu/h-x86_64-mingw32/bin/../lib/gcc/nios2-elf/5.3.0/../../../../../H-x86_64-mingw32/nios2-elf/lib/mno-hw-mul\libc.a(closer.o)
 .comment       0x0000000000000023       0x24 d:/application/intelfpga_lite/18.1/nios2eds/bin/gnu/h-x86_64-mingw32/bin/../lib/gcc/nios2-elf/5.3.0/../../../../../H-x86_64-mingw32/nios2-elf/lib/mno-hw-mul\libc.a(lib_a-fclose.o)
 .comment       0x0000000000000023       0x24 d:/application/intelfpga_lite/18.1/nios2eds/bin/gnu/h-x86_64-mingw32/bin/../lib/gcc/nios2-elf/5.3.0/../../../../../H-x86_64-mingw32/nios2-elf/lib/mno-hw-mul\libc.a(lib_a-fstatr.o)
 .comment       0x0000000000000023       0x24 d:/application/intelfpga_lite/18.1/nios2eds/bin/gnu/h-x86_64-mingw32/bin/../lib/gcc/nios2-elf/5.3.0/../../../../../H-x86_64-mingw32/nios2-elf/lib/mno-hw-mul\libc.a(lib_a-isattyr.o)
 .comment       0x0000000000000023       0x24 d:/application/intelfpga_lite/18.1/nios2eds/bin/gnu/h-x86_64-mingw32/bin/../lib/gcc/nios2-elf/5.3.0/../../../../../H-x86_64-mingw32/nios2-elf/lib/mno-hw-mul\libc.a(lib_a-lseekr.o)
 .comment       0x0000000000000023       0x24 d:/application/intelfpga_lite/18.1/nios2eds/bin/gnu/h-x86_64-mingw32/bin/../lib/gcc/nios2-elf/5.3.0/../../../../../H-x86_64-mingw32/nios2-elf/lib/mno-hw-mul\libc.a(lib_a-readr.o)
 .comment       0x0000000000000023       0x24 d:/application/intelfpga_lite/18.1/nios2eds/bin/gnu/h-x86_64-mingw32/bin/../lib/gcc/nios2-elf/5.3.0/mno-hw-mul\libgcc.a(lib2-mul.o)
 .comment       0x0000000000000023       0x24 ../bsp\libhal_bsp.a(alt_exit.o)
 .comment       0x0000000000000023       0x24 ../bsp\libhal_bsp.a(alt_fstat.o)
 .comment       0x0000000000000023       0x24 ../bsp\libhal_bsp.a(alt_isatty.o)
 .comment       0x0000000000000023       0x24 ../bsp\libhal_bsp.a(alt_lseek.o)
 .comment       0x0000000000000023       0x24 ../bsp\libhal_bsp.a(alt_malloc_lock.o)
 .comment       0x0000000000000023       0x24 ../bsp\libhal_bsp.a(alt_read.o)
 .comment       0x0000000000000023       0x24 ../bsp\libhal_bsp.a(alt_sbrk.o)
 .comment       0x0000000000000023       0x24 ../bsp\libhal_bsp.a(alt_write.o)

.debug
 *(.debug)

.line
 *(.line)

.debug_srcinfo
 *(.debug_srcinfo)

.debug_sfnames
 *(.debug_sfnames)

.debug_aranges  0x0000000000000000      0xa38
 *(.debug_aranges)
 .debug_aranges
                0x0000000000000000       0x28 ../bsp/obj/HAL/src/crt0.o
 .debug_aranges
                0x0000000000000028       0x20 obj/default/counter_3Digit.o
 .debug_aranges
                0x0000000000000048       0x20 d:/application/intelfpga_lite/18.1/nios2eds/bin/gnu/h-x86_64-mingw32/bin/../lib/gcc/nios2-elf/5.3.0/mno-hw-mul\libgcc.a(lib2-divmod.o)
 .debug_aranges
                0x0000000000000068       0x20 ../bsp\libhal_bsp.a(alt_irq_register.o)
 .debug_aranges
                0x0000000000000088       0x18 ../bsp\libhal_bsp.a(alt_irq_vars.o)
 .debug_aranges
                0x00000000000000a0       0x20 ../bsp\libhal_bsp.a(alt_load.o)
 .debug_aranges
                0x00000000000000c0       0x20 ../bsp\libhal_bsp.a(alt_main.o)
 .debug_aranges
                0x00000000000000e0       0x20 ../bsp\libhal_bsp.a(alt_printf.o)
 .debug_aranges
                0x0000000000000100       0x20 ../bsp\libhal_bsp.a(alt_putchar.o)
 .debug_aranges
                0x0000000000000120       0x20 ../bsp\libhal_bsp.a(alt_sys_init.o)
 .debug_aranges
                0x0000000000000140       0x20 ../bsp\libhal_bsp.a(altera_avalon_jtag_uart_fd.o)
 .debug_aranges
                0x0000000000000160       0x20 ../bsp\libhal_bsp.a(altera_avalon_jtag_uart_init.o)
 .debug_aranges
                0x0000000000000180       0x20 ../bsp\libhal_bsp.a(altera_avalon_jtag_uart_ioctl.o)
 .debug_aranges
                0x00000000000001a0       0x20 ../bsp\libhal_bsp.a(altera_avalon_jtag_uart_read.o)
 .debug_aranges
                0x00000000000001c0       0x20 ../bsp\libhal_bsp.a(altera_avalon_jtag_uart_write.o)
 .debug_aranges
                0x00000000000001e0       0x20 ../bsp\libhal_bsp.a(altera_avalon_timer_sc.o)
 .debug_aranges
                0x0000000000000200       0x20 ../bsp\libhal_bsp.a(alt_alarm_start.o)
 .debug_aranges
                0x0000000000000220       0x20 ../bsp\libhal_bsp.a(alt_close.o)
 .debug_aranges
                0x0000000000000240       0x20 ../bsp\libhal_bsp.a(alt_dcache_flush_all.o)
 .debug_aranges
                0x0000000000000260       0x20 ../bsp\libhal_bsp.a(alt_dev.o)
 .debug_aranges
                0x0000000000000280       0x20 ../bsp\libhal_bsp.a(alt_dev_llist_insert.o)
 .debug_aranges
                0x00000000000002a0       0x20 ../bsp\libhal_bsp.a(alt_do_ctors.o)
 .debug_aranges
                0x00000000000002c0       0x20 ../bsp\libhal_bsp.a(alt_do_dtors.o)
 .debug_aranges
                0x00000000000002e0       0x18 ../bsp\libhal_bsp.a(alt_errno.o)
 .debug_aranges
                0x00000000000002f8       0x20 ../bsp\libhal_bsp.a(alt_icache_flush_all.o)
 .debug_aranges
                0x0000000000000318       0x20 ../bsp\libhal_bsp.a(alt_iic.o)
 .debug_aranges
                0x0000000000000338       0x20 ../bsp\libhal_bsp.a(alt_iic_isr_register.o)
 .debug_aranges
                0x0000000000000358       0x20 ../bsp\libhal_bsp.a(alt_io_redirect.o)
 .debug_aranges
                0x0000000000000378       0x30 ../bsp\libhal_bsp.a(alt_irq_entry.o)
 .debug_aranges
                0x00000000000003a8       0x20 ../bsp\libhal_bsp.a(alt_irq_handler.o)
 .debug_aranges
                0x00000000000003c8       0x20 ../bsp\libhal_bsp.a(alt_open.o)
 .debug_aranges
                0x00000000000003e8       0x20 ../bsp\libhal_bsp.a(alt_release_fd.o)
 .debug_aranges
                0x0000000000000408       0x20 ../bsp\libhal_bsp.a(alt_tick.o)
 .debug_aranges
                0x0000000000000428       0x20 ../bsp\libhal_bsp.a(altera_nios2_gen2_irq.o)
 .debug_aranges
                0x0000000000000448       0x38 ../bsp\libhal_bsp.a(alt_exception_entry.o)
 .debug_aranges
                0x0000000000000480       0x20 ../bsp\libhal_bsp.a(alt_find_dev.o)
 .debug_aranges
                0x00000000000004a0       0x20 ../bsp\libhal_bsp.a(alt_find_file.o)
 .debug_aranges
                0x00000000000004c0       0x20 ../bsp\libhal_bsp.a(alt_get_fd.o)
 .debug_aranges
                0x00000000000004e0       0x28 ../bsp\libhal_bsp.a(alt_instruction_exception_entry.o)
 .debug_aranges
                0x0000000000000508       0x20 d:/application/intelfpga_lite/18.1/nios2eds/bin/gnu/h-x86_64-mingw32/bin/../lib/gcc/nios2-elf/5.3.0/../../../../../H-x86_64-mingw32/nios2-elf/lib/mno-hw-mul\libc.a(lib_a-atexit.o)
 .debug_aranges
                0x0000000000000528       0x20 d:/application/intelfpga_lite/18.1/nios2eds/bin/gnu/h-x86_64-mingw32/bin/../lib/gcc/nios2-elf/5.3.0/../../../../../H-x86_64-mingw32/nios2-elf/lib/mno-hw-mul\libc.a(lib_a-exit.o)
 .debug_aranges
                0x0000000000000548       0x18 d:/application/intelfpga_lite/18.1/nios2eds/bin/gnu/h-x86_64-mingw32/bin/../lib/gcc/nios2-elf/5.3.0/../../../../../H-x86_64-mingw32/nios2-elf/lib/mno-hw-mul\libc.a(lib_a-impure.o)
 .debug_aranges
                0x0000000000000560       0x18 d:/application/intelfpga_lite/18.1/nios2eds/bin/gnu/h-x86_64-mingw32/bin/../lib/gcc/nios2-elf/5.3.0/../../../../../H-x86_64-mingw32/nios2-elf/lib/mno-hw-mul\libc.a(lib_a-int_errno.o)
 .debug_aranges
                0x0000000000000578       0x20 d:/application/intelfpga_lite/18.1/nios2eds/bin/gnu/h-x86_64-mingw32/bin/../lib/gcc/nios2-elf/5.3.0/../../../../../H-x86_64-mingw32/nios2-elf/lib/mno-hw-mul\libc.a(lib_a-memcmp.o)
 .debug_aranges
                0x0000000000000598       0x20 d:/application/intelfpga_lite/18.1/nios2eds/bin/gnu/h-x86_64-mingw32/bin/../lib/gcc/nios2-elf/5.3.0/../../../../../H-x86_64-mingw32/nios2-elf/lib/mno-hw-mul\libc.a(lib_a-memcpy.o)
 .debug_aranges
                0x00000000000005b8       0x28 d:/application/intelfpga_lite/18.1/nios2eds/bin/gnu/h-x86_64-mingw32/bin/../lib/gcc/nios2-elf/5.3.0/../../../../../H-x86_64-mingw32/nios2-elf/lib/mno-hw-mul\libc.a(lib_a-putc.o)
 .debug_aranges
                0x00000000000005e0       0x20 d:/application/intelfpga_lite/18.1/nios2eds/bin/gnu/h-x86_64-mingw32/bin/../lib/gcc/nios2-elf/5.3.0/../../../../../H-x86_64-mingw32/nios2-elf/lib/mno-hw-mul\libc.a(lib_a-strlen.o)
 .debug_aranges
                0x0000000000000600       0x28 d:/application/intelfpga_lite/18.1/nios2eds/bin/gnu/h-x86_64-mingw32/bin/../lib/gcc/nios2-elf/5.3.0/../../../../../H-x86_64-mingw32/nios2-elf/lib/mno-hw-mul\libc.a(lib_a-wbuf.o)
 .debug_aranges
                0x0000000000000628       0x20 d:/application/intelfpga_lite/18.1/nios2eds/bin/gnu/h-x86_64-mingw32/bin/../lib/gcc/nios2-elf/5.3.0/../../../../../H-x86_64-mingw32/nios2-elf/lib/mno-hw-mul\libc.a(lib_a-wsetup.o)
 .debug_aranges
                0x0000000000000648       0x20 d:/application/intelfpga_lite/18.1/nios2eds/bin/gnu/h-x86_64-mingw32/bin/../lib/gcc/nios2-elf/5.3.0/../../../../../H-x86_64-mingw32/nios2-elf/lib/mno-hw-mul\libc.a(lib_a-__atexit.o)
 .debug_aranges
                0x0000000000000668       0x20 d:/application/intelfpga_lite/18.1/nios2eds/bin/gnu/h-x86_64-mingw32/bin/../lib/gcc/nios2-elf/5.3.0/../../../../../H-x86_64-mingw32/nios2-elf/lib/mno-hw-mul\libc.a(lib_a-__call_atexit.o)
 .debug_aranges
                0x0000000000000688       0x30 d:/application/intelfpga_lite/18.1/nios2eds/bin/gnu/h-x86_64-mingw32/bin/../lib/gcc/nios2-elf/5.3.0/../../../../../H-x86_64-mingw32/nios2-elf/lib/mno-hw-mul\libc.a(lib_a-fflush.o)
 .debug_aranges
                0x00000000000006b8       0x68 d:/application/intelfpga_lite/18.1/nios2eds/bin/gnu/h-x86_64-mingw32/bin/../lib/gcc/nios2-elf/5.3.0/../../../../../H-x86_64-mingw32/nios2-elf/lib/mno-hw-mul\libc.a(lib_a-findfp.o)
 .debug_aranges
                0x0000000000000720       0x28 d:/application/intelfpga_lite/18.1/nios2eds/bin/gnu/h-x86_64-mingw32/bin/../lib/gcc/nios2-elf/5.3.0/../../../../../H-x86_64-mingw32/nios2-elf/lib/mno-hw-mul\libc.a(lib_a-freer.o)
 .debug_aranges
                0x0000000000000748       0x28 d:/application/intelfpga_lite/18.1/nios2eds/bin/gnu/h-x86_64-mingw32/bin/../lib/gcc/nios2-elf/5.3.0/../../../../../H-x86_64-mingw32/nios2-elf/lib/mno-hw-mul\libc.a(lib_a-fwalk.o)
 .debug_aranges
                0x0000000000000770       0x20 d:/application/intelfpga_lite/18.1/nios2eds/bin/gnu/h-x86_64-mingw32/bin/../lib/gcc/nios2-elf/5.3.0/../../../../../H-x86_64-mingw32/nios2-elf/lib/mno-hw-mul\libc.a(lib_a-makebuf.o)
 .debug_aranges
                0x0000000000000790       0x20 d:/application/intelfpga_lite/18.1/nios2eds/bin/gnu/h-x86_64-mingw32/bin/../lib/gcc/nios2-elf/5.3.0/../../../../../H-x86_64-mingw32/nios2-elf/lib/mno-hw-mul\libc.a(lib_a-mallocr.o)
 .debug_aranges
                0x00000000000007b0       0x20 d:/application/intelfpga_lite/18.1/nios2eds/bin/gnu/h-x86_64-mingw32/bin/../lib/gcc/nios2-elf/5.3.0/../../../../../H-x86_64-mingw32/nios2-elf/lib/mno-hw-mul\libc.a(lib_a-memset.o)
 .debug_aranges
                0x00000000000007d0       0x20 d:/application/intelfpga_lite/18.1/nios2eds/bin/gnu/h-x86_64-mingw32/bin/../lib/gcc/nios2-elf/5.3.0/../../../../../H-x86_64-mingw32/nios2-elf/lib/mno-hw-mul\libc.a(lib_a-sbrkr.o)
 .debug_aranges
                0x00000000000007f0       0x40 d:/application/intelfpga_lite/18.1/nios2eds/bin/gnu/h-x86_64-mingw32/bin/../lib/gcc/nios2-elf/5.3.0/../../../../../H-x86_64-mingw32/nios2-elf/lib/mno-hw-mul\libc.a(lib_a-stdio.o)
 .debug_aranges
                0x0000000000000830       0x20 d:/application/intelfpga_lite/18.1/nios2eds/bin/gnu/h-x86_64-mingw32/bin/../lib/gcc/nios2-elf/5.3.0/../../../../../H-x86_64-mingw32/nios2-elf/lib/mno-hw-mul\libc.a(lib_a-writer.o)
 .debug_aranges
                0x0000000000000850       0x20 d:/application/intelfpga_lite/18.1/nios2eds/bin/gnu/h-x86_64-mingw32/bin/../lib/gcc/nios2-elf/5.3.0/../../../../../H-x86_64-mingw32/nios2-elf/lib/mno-hw-mul\libc.a(closer.o)
 .debug_aranges
                0x0000000000000870       0x28 d:/application/intelfpga_lite/18.1/nios2eds/bin/gnu/h-x86_64-mingw32/bin/../lib/gcc/nios2-elf/5.3.0/../../../../../H-x86_64-mingw32/nios2-elf/lib/mno-hw-mul\libc.a(lib_a-fclose.o)
 .debug_aranges
                0x0000000000000898       0x20 d:/application/intelfpga_lite/18.1/nios2eds/bin/gnu/h-x86_64-mingw32/bin/../lib/gcc/nios2-elf/5.3.0/../../../../../H-x86_64-mingw32/nios2-elf/lib/mno-hw-mul\libc.a(lib_a-fstatr.o)
 .debug_aranges
                0x00000000000008b8       0x20 d:/application/intelfpga_lite/18.1/nios2eds/bin/gnu/h-x86_64-mingw32/bin/../lib/gcc/nios2-elf/5.3.0/../../../../../H-x86_64-mingw32/nios2-elf/lib/mno-hw-mul\libc.a(lib_a-isattyr.o)
 .debug_aranges
                0x00000000000008d8       0x20 d:/application/intelfpga_lite/18.1/nios2eds/bin/gnu/h-x86_64-mingw32/bin/../lib/gcc/nios2-elf/5.3.0/../../../../../H-x86_64-mingw32/nios2-elf/lib/mno-hw-mul\libc.a(lib_a-lseekr.o)
 .debug_aranges
                0x00000000000008f8       0x20 d:/application/intelfpga_lite/18.1/nios2eds/bin/gnu/h-x86_64-mingw32/bin/../lib/gcc/nios2-elf/5.3.0/../../../../../H-x86_64-mingw32/nios2-elf/lib/mno-hw-mul\libc.a(lib_a-readr.o)
 .debug_aranges
                0x0000000000000918       0x20 d:/application/intelfpga_lite/18.1/nios2eds/bin/gnu/h-x86_64-mingw32/bin/../lib/gcc/nios2-elf/5.3.0/mno-hw-mul\libgcc.a(lib2-mul.o)
 .debug_aranges
                0x0000000000000938       0x20 ../bsp\libhal_bsp.a(alt_exit.o)
 .debug_aranges
                0x0000000000000958       0x20 ../bsp\libhal_bsp.a(alt_fstat.o)
 .debug_aranges
                0x0000000000000978       0x20 ../bsp\libhal_bsp.a(alt_isatty.o)
 .debug_aranges
                0x0000000000000998       0x20 ../bsp\libhal_bsp.a(alt_lseek.o)
 .debug_aranges
                0x00000000000009b8       0x20 ../bsp\libhal_bsp.a(alt_malloc_lock.o)
 .debug_aranges
                0x00000000000009d8       0x20 ../bsp\libhal_bsp.a(alt_read.o)
 .debug_aranges
                0x00000000000009f8       0x20 ../bsp\libhal_bsp.a(alt_sbrk.o)
 .debug_aranges
                0x0000000000000a18       0x20 ../bsp\libhal_bsp.a(alt_write.o)

.debug_pubnames
 *(.debug_pubnames)

.debug_info     0x0000000000000000    0x16100
 *(.debug_info .gnu.linkonce.wi.*)
 .debug_info    0x0000000000000000       0x55 ../bsp/obj/HAL/src/crt0.o
 .debug_info    0x0000000000000055      0x1c7 obj/default/counter_3Digit.o
 .debug_info    0x000000000000021c      0x2c6 d:/application/intelfpga_lite/18.1/nios2eds/bin/gnu/h-x86_64-mingw32/bin/../lib/gcc/nios2-elf/5.3.0/mno-hw-mul\libgcc.a(lib2-divmod.o)
 .debug_info    0x00000000000004e2      0x324 ../bsp\libhal_bsp.a(alt_irq_register.o)
 .debug_info    0x0000000000000806       0x88 ../bsp\libhal_bsp.a(alt_irq_vars.o)
 .debug_info    0x000000000000088e      0x145 ../bsp\libhal_bsp.a(alt_load.o)
 .debug_info    0x00000000000009d3      0x131 ../bsp\libhal_bsp.a(alt_main.o)
 .debug_info    0x0000000000000b04      0x119 ../bsp\libhal_bsp.a(alt_printf.o)
 .debug_info    0x0000000000000c1d      0x8a6 ../bsp\libhal_bsp.a(alt_putchar.o)
 .debug_info    0x00000000000014c3      0x4d9 ../bsp\libhal_bsp.a(alt_sys_init.o)
 .debug_info    0x000000000000199c      0x52e ../bsp\libhal_bsp.a(altera_avalon_jtag_uart_fd.o)
 .debug_info    0x0000000000001eca      0x3a0 ../bsp\libhal_bsp.a(altera_avalon_jtag_uart_init.o)
 .debug_info    0x000000000000226a      0x280 ../bsp\libhal_bsp.a(altera_avalon_jtag_uart_ioctl.o)
 .debug_info    0x00000000000024ea      0x345 ../bsp\libhal_bsp.a(altera_avalon_jtag_uart_read.o)
 .debug_info    0x000000000000282f      0x340 ../bsp\libhal_bsp.a(altera_avalon_jtag_uart_write.o)
 .debug_info    0x0000000000002b6f      0x226 ../bsp\libhal_bsp.a(altera_avalon_timer_sc.o)
 .debug_info    0x0000000000002d95      0x2cc ../bsp\libhal_bsp.a(alt_alarm_start.o)
 .debug_info    0x0000000000003061      0x321 ../bsp\libhal_bsp.a(alt_close.o)
 .debug_info    0x0000000000003382       0x92 ../bsp\libhal_bsp.a(alt_dcache_flush_all.o)
 .debug_info    0x0000000000003414      0x49c ../bsp\libhal_bsp.a(alt_dev.o)
 .debug_info    0x00000000000038b0      0x1a9 ../bsp\libhal_bsp.a(alt_dev_llist_insert.o)
 .debug_info    0x0000000000003a59       0x83 ../bsp\libhal_bsp.a(alt_do_ctors.o)
 .debug_info    0x0000000000003adc       0x83 ../bsp\libhal_bsp.a(alt_do_dtors.o)
 .debug_info    0x0000000000003b5f       0xa6 ../bsp\libhal_bsp.a(alt_errno.o)
 .debug_info    0x0000000000003c05       0x92 ../bsp\libhal_bsp.a(alt_icache_flush_all.o)
 .debug_info    0x0000000000003c97      0x350 ../bsp\libhal_bsp.a(alt_iic.o)
 .debug_info    0x0000000000003fe7      0x1ef ../bsp\libhal_bsp.a(alt_iic_isr_register.o)
 .debug_info    0x00000000000041d6      0x4a5 ../bsp\libhal_bsp.a(alt_io_redirect.o)
 .debug_info    0x000000000000467b       0x5e ../bsp\libhal_bsp.a(alt_irq_entry.o)
 .debug_info    0x00000000000046d9      0x187 ../bsp\libhal_bsp.a(alt_irq_handler.o)
 .debug_info    0x0000000000004860      0x3bb ../bsp\libhal_bsp.a(alt_open.o)
 .debug_info    0x0000000000004c1b      0x2b0 ../bsp\libhal_bsp.a(alt_release_fd.o)
 .debug_info    0x0000000000004ecb      0x299 ../bsp\libhal_bsp.a(alt_tick.o)
 .debug_info    0x0000000000005164       0x92 ../bsp\libhal_bsp.a(altera_nios2_gen2_irq.o)
 .debug_info    0x00000000000051f6       0x64 ../bsp\libhal_bsp.a(alt_exception_entry.o)
 .debug_info    0x000000000000525a      0x2e9 ../bsp\libhal_bsp.a(alt_find_dev.o)
 .debug_info    0x0000000000005543      0x2e6 ../bsp\libhal_bsp.a(alt_find_file.o)
 .debug_info    0x0000000000005829      0x310 ../bsp\libhal_bsp.a(alt_get_fd.o)
 .debug_info    0x0000000000005b39      0x1e7 ../bsp\libhal_bsp.a(alt_instruction_exception_entry.o)
 .debug_info    0x0000000000005d20       0xfe d:/application/intelfpga_lite/18.1/nios2eds/bin/gnu/h-x86_64-mingw32/bin/../lib/gcc/nios2-elf/5.3.0/../../../../../H-x86_64-mingw32/nios2-elf/lib/mno-hw-mul\libc.a(lib_a-atexit.o)
 .debug_info    0x0000000000005e1e      0x8e4 d:/application/intelfpga_lite/18.1/nios2eds/bin/gnu/h-x86_64-mingw32/bin/../lib/gcc/nios2-elf/5.3.0/../../../../../H-x86_64-mingw32/nios2-elf/lib/mno-hw-mul\libc.a(lib_a-exit.o)
 .debug_info    0x0000000000006702      0x8a1 d:/application/intelfpga_lite/18.1/nios2eds/bin/gnu/h-x86_64-mingw32/bin/../lib/gcc/nios2-elf/5.3.0/../../../../../H-x86_64-mingw32/nios2-elf/lib/mno-hw-mul\libc.a(lib_a-impure.o)
 .debug_info    0x0000000000006fa3       0x8a d:/application/intelfpga_lite/18.1/nios2eds/bin/gnu/h-x86_64-mingw32/bin/../lib/gcc/nios2-elf/5.3.0/../../../../../H-x86_64-mingw32/nios2-elf/lib/mno-hw-mul\libc.a(lib_a-int_errno.o)
 .debug_info    0x000000000000702d      0x11a d:/application/intelfpga_lite/18.1/nios2eds/bin/gnu/h-x86_64-mingw32/bin/../lib/gcc/nios2-elf/5.3.0/../../../../../H-x86_64-mingw32/nios2-elf/lib/mno-hw-mul\libc.a(lib_a-memcmp.o)
 .debug_info    0x0000000000007147      0x144 d:/application/intelfpga_lite/18.1/nios2eds/bin/gnu/h-x86_64-mingw32/bin/../lib/gcc/nios2-elf/5.3.0/../../../../../H-x86_64-mingw32/nios2-elf/lib/mno-hw-mul\libc.a(lib_a-memcpy.o)
 .debug_info    0x000000000000728b      0x9b4 d:/application/intelfpga_lite/18.1/nios2eds/bin/gnu/h-x86_64-mingw32/bin/../lib/gcc/nios2-elf/5.3.0/../../../../../H-x86_64-mingw32/nios2-elf/lib/mno-hw-mul\libc.a(lib_a-putc.o)
 .debug_info    0x0000000000007c3f       0xe2 d:/application/intelfpga_lite/18.1/nios2eds/bin/gnu/h-x86_64-mingw32/bin/../lib/gcc/nios2-elf/5.3.0/../../../../../H-x86_64-mingw32/nios2-elf/lib/mno-hw-mul\libc.a(lib_a-strlen.o)
 .debug_info    0x0000000000007d21      0x9be d:/application/intelfpga_lite/18.1/nios2eds/bin/gnu/h-x86_64-mingw32/bin/../lib/gcc/nios2-elf/5.3.0/../../../../../H-x86_64-mingw32/nios2-elf/lib/mno-hw-mul\libc.a(lib_a-wbuf.o)
 .debug_info    0x00000000000086df      0x936 d:/application/intelfpga_lite/18.1/nios2eds/bin/gnu/h-x86_64-mingw32/bin/../lib/gcc/nios2-elf/5.3.0/../../../../../H-x86_64-mingw32/nios2-elf/lib/mno-hw-mul\libc.a(lib_a-wsetup.o)